[2026-09-03 14:27:41] [INFO] 正在打开“创建优惠券”弹窗...
[2026-09-03 16:27:04] [INFO] 正在打开“创建优惠券”弹窗...
[2026-09-03 16:27:17] [INFO] 表单填写完毕，截图已保存至 output/coupon_form_filled.png
[2026-09-03 16:27:17] [INFO] 正在通过 JS 降维打击，一键注入 Vue 核心模型并清除校验警告...
[2026-09-03 16:27:17] [INFO] JS 注入结果: Vue model updated successfully
[2026-09-03 16:27:17] [INFO] 正在点击“确 定”按钮提交优惠券表单...
[2026-09-03 16:27:17] [INFO] JS 提交触发结果: Direct button click triggered
[2026-09-03 16:27:19] [INFO] 添加优惠券弹窗已成功关闭。
[2026-09-03 16:28:15] [INFO] 正在打开“创建优惠券”弹窗...
[2026-09-03 16:28:29] [INFO] 表单填写完毕，截图已保存至 output/coupon_form_filled.png
[2026-09-03 16:28:29] [INFO] 正在通过 JS 降维打击，一键注入 Vue 核心模型并清除校验警告...
[2026-09-03 16:28:29] [INFO] JS 注入结果: Vue model updated successfully
[2026-09-03 16:28:29] [INFO] 正在点击“确 定”按钮提交优惠券表单...
[2026-09-03 16:28:29] [INFO] JS 提交触发结果: Direct button click triggered
[2026-09-03 16:28:31] [INFO] 添加优惠券弹窗已成功关闭。
[2026-09-03 16:32:32] [INFO] 正在打开“创建优惠券”弹窗...
[2026-09-03 16:32:47] [INFO] 表单填写完毕，截图已保存至 output/coupon_form_filled.png
[2026-09-03 16:32:47] [INFO] 正在通过 JS 降维打击，一键注入 Vue 核心模型并清除校验警告...
[2026-09-03 16:32:47] [INFO] JS 注入结果: Vue model updated successfully
[2026-09-03 16:32:47] [INFO] 正在点击“确 定”按钮提交优惠券表单...
[2026-09-03 16:32:47] [INFO] JS 提交触发结果: Direct button click triggered
[2026-09-03 16:32:49] [INFO] 添加优惠券弹窗已成功关闭。
[2026-09-03 16:35:35] [INFO] 正在打开“创建优惠券”弹窗...
[2026-09-03 16:35:50] [INFO] 表单填写完毕，截图已保存至 output/coupon_form_filled.png
[2026-09-03 16:35:50] [INFO] 正在通过 JS 降维打击，一键注入 Vue 核心模型并清除校验警告...
[2026-09-03 16:35:50] [INFO] JS 注入结果: Vue model updated successfully
[2026-09-03 16:35:50] [INFO] 正在点击“确 定”按钮提交优惠券表单...
[2026-09-03 16:35:50] [INFO] JS 提交触发结果: Direct button click triggered
[2026-09-03 16:35:52] [INFO] 添加优惠券弹窗已成功关闭。
[2026-09-03 16:39:24] [INFO] 正在打开“创建优惠券”弹窗...
[2026-09-03 16:39:38] [INFO] 表单填写完毕，截图已保存至 output/coupon_form_filled.png
[2026-09-03 16:39:38] [INFO] 正在通过 JS 降维打击，一键注入 Vue 核心模型并清除校验警告...
[2026-09-03 16:39:38] [INFO] JS 注入结果: Vue model updated successfully
[2026-09-03 16:39:38] [INFO] 正在点击“确 定”按钮提交优惠券表单...
[2026-09-03 16:39:38] [INFO] JS 提交触发结果: Direct button click triggered
[2026-09-03 16:39:40] [INFO] 添加优惠券弹窗已成功关闭。
[2026-09-03 16:43:29] [INFO] 正在打开“创建优惠券”弹窗...
[2026-09-03 16:43:43] [INFO] 表单填写完毕，截图已保存至 output/coupon_form_filled.png
[2026-09-03 16:43:43] [INFO] 正在通过 JS 降维打击，一键注入 Vue 核心模型并清除校验警告...
[2026-09-03 16:43:43] [INFO] JS 注入结果: Vue model updated successfully
[2026-09-03 16:43:43] [INFO] 正在点击“确 定”按钮提交优惠券表单...
[2026-09-03 16:43:43] [INFO] JS 提交触发结果: Direct button click triggered
[2026-09-03 16:43:45] [INFO] 添加优惠券弹窗已成功关闭。
[2026-09-03 16:46:05] [INFO] 正在打开“创建优惠券”弹窗...
[2026-09-03 16:46:19] [INFO] 表单填写完毕，截图已保存至 output/coupon_form_filled.png
[2026-09-03 16:46:19] [INFO] 正在通过 JS 降维打击，一键注入 Vue 核心模型并清除校验警告...
[2026-09-03 16:46:19] [INFO] JS 注入结果: Vue model updated successfully
[2026-09-03 16:46:19] [INFO] 正在点击“确 定”按钮提交优惠券表单...
[2026-09-03 16:46:19] [INFO] JS 提交触发结果: Direct button click triggered
[2026-09-03 16:46:21] [INFO] 添加优惠券弹窗已成功关闭。
[2026-09-03 17:26:29] [INFO] 正在打开“创建优惠券”弹窗...
[2026-09-03 17:26:43] [INFO] 表单填写完毕，截图已保存至 output/coupon_form_filled.png
[2026-09-03 17:26:43] [INFO] 正在通过 JS 降维打击，一键注入 Vue 核心模型并清除校验警告...
[2026-09-03 17:26:43] [INFO] JS 注入结果: Vue model updated successfully
[2026-09-03 17:26:43] [INFO] 正在点击“确 定”按钮提交优惠券表单...
[2026-09-03 17:26:43] [INFO] JS 提交触发结果: Direct button click triggered
[2026-09-03 17:26:45] [INFO] 添加优惠券弹窗已成功关闭。
[2026-09-03 17:27:34] [INFO] 正在打开“创建优惠券”弹窗...
[2026-09-03 17:27:48] [INFO] 表单填写完毕，截图已保存至 output/coupon_form_filled.png
[2026-09-03 17:27:48] [INFO] 正在通过 JS 降维打击，一键注入 Vue 核心模型并清除校验警告...
[2026-09-03 17:27:49] [INFO] JS 注入结果: Vue model updated successfully
[2026-09-03 17:27:49] [INFO] 正在点击“确 定”按钮提交优惠券表单...
[2026-09-03 17:27:49] [INFO] JS 提交触发结果: Direct button click triggered
[2026-09-03 17:27:51] [INFO] 添加优惠券弹窗已成功关闭。
[2026-09-03 17:39:07] [INFO] 正在打开“创建优惠券”弹窗...
[2026-09-03 17:39:20] [INFO] 表单填写完毕，截图已保存至 output/coupon_form_filled.png
[2026-09-03 17:39:20] [INFO] 正在通过 JS 降维打击，一键注入 Vue 核心模型并清除校验警告...
[2026-09-03 17:39:20] [INFO] JS 注入结果: Vue model updated successfully
[2026-09-03 17:39:20] [INFO] 正在点击“确 定”按钮提交优惠券表单...
[2026-09-03 17:39:20] [INFO] JS 提交触发结果: JS direct button click triggered
[2026-09-03 17:39:37] [ERROR] [❌ 错误] 等待优惠券创建弹窗消失超时或失败，极可能创建未成功！具体错误: Locator.wait_for: Timeout 15000ms exceeded.
Call log:
  - waiting for locator(".el-dialog:visible").filter(has=locator(".el-dialog__title:has-text('添加优惠券')")) to be hidden
    33 × locator resolved to visible <div role="dialog" aria-modal="true" aria-label="添加优惠券" class="el-dialog coupon-manage-dialog">…</div>

[2026-09-03 17:39:38] [ERROR] 🛑 [阻断运行] 优惠券未成功提交入库，系统已自动阻断并安全拦截，不再继续执行后续审批流转程序！
[2026-09-03 17:42:25] [INFO] 正在打开“创建优惠券”弹窗...
[2026-09-03 17:42:41] [INFO] 表单填写完毕，截图已保存至 output/coupon_form_filled.png
[2026-09-03 17:42:41] [INFO] 正在通过 JS 降维打击，一键注入 Vue 核心模型并清除校验警告...
[2026-09-03 17:42:41] [INFO] JS 注入结果: Vue model updated successfully
[2026-09-03 17:42:41] [INFO] 正在点击“确定”按钮提交优惠券表单...
[2026-09-03 17:42:41] [INFO] JS 提交触发结果: JS global button click triggered
[2026-09-03 17:42:58] [ERROR] [❌ 错误] 等待优惠券创建弹窗消失超时或失败，极可能创建未成功！具体错误: Locator.wait_for: Timeout 15000ms exceeded.
Call log:
  - waiting for locator(".el-dialog:visible").filter(has=locator(".el-dialog__title:has-text('添加优惠券')")) to be hidden
    33 × locator resolved to visible <div role="dialog" aria-modal="true" aria-label="添加优惠券" class="el-dialog coupon-manage-dialog">…</div>

[2026-09-03 17:42:58] [ERROR] 🛑 [阻断运行] 优惠券未成功提交入库，系统已自动阻断并安全拦截，不再继续执行后续审批流转程序！
[2026-09-03 17:54:53] [INFO] 正在打开“创建优惠券”弹窗...
[2026-09-03 17:55:08] [INFO] 表单填写完毕，截图已保存至 output/coupon_form_filled.png
[2026-09-03 17:55:08] [INFO] 正在通过 JS 降维打击，一键注入 Vue 核心模型并清除校验警告...
[2026-09-03 17:55:08] [INFO] JS 注入结果: Vue model updated successfully. Model content: {"Terminal":[3,4,5,6,8],"TimesVal":["2026-08-12","2048-09-30"],"AgentId":[447,470,471,9999],"ValidityType":1,"CouponName":"200元优惠券","CouponTagID":21,"BusinessTypeLimit":[],"ServerTypeLimit":[1],"CarTypeLimit":[10,1,2,3,6,7,4,9,8,5],"IsSpecial":0,"CityLimit":[],"Denomination":200,"UseRoleMoney":1,"CouponMaxMoney":100,"Number":100000,"Remark":"<p>123</p>","IsWechatPayCoupon":0,"LimitStartTime":"","LimitEndTime":"","CouponStartDate":"2026-08-12","CouponEndDate":"2048-09-30","LimitPerUser":0,"NaturalPerLimit":0,"PhoneLimit":0,"CouponNameDy":"","ConsumeDesc":"","ReceiveDesc":"","ConsumePath":"","CouponType":1}
[2026-09-03 17:55:08] [INFO] 正在点击“确定”按钮提交优惠券表单...
[2026-09-03 17:55:08] [INFO] JS 提交触发结果: JS global button click triggered
[2026-09-03 17:55:25] [ERROR] [❌ 错误] 等待优惠券创建弹窗消失超时或失败，极可能创建未成功！具体错误: Locator.wait_for: Timeout 15000ms exceeded.
Call log:
  - waiting for locator(".el-dialog:visible").filter(has=locator(".el-dialog__title:has-text('添加优惠券')")) to be hidden
    34 × locator resolved to visible <div role="dialog" aria-modal="true" aria-label="添加优惠券" class="el-dialog coupon-manage-dialog">…</div>

[2026-09-03 17:55:25] [ERROR] 🛑 [阻断运行] 优惠券未成功提交入库，系统已自动阻断并安全拦截，不再继续执行后续审批流转程序！
[2026-09-03 17:59:16] [INFO] 正在打开“创建优惠券”弹窗...
[2026-09-03 17:59:29] [INFO] 表单填写完毕，截图已保存至 output/coupon_form_filled.png
[2026-09-03 17:59:29] [INFO] 正在通过 JS 降维打击，一键注入 Vue 核心模型并清除校验警告...
[2026-09-03 17:59:29] [INFO] JS 注入结果: Vue model updated successfully. Model content: {"Terminal":[3,4,5,6,8],"TimesVal":["2026-08-12","2048-09-30"],"AgentId":[447,470,471,9999],"ValidityType":1,"CouponName":"200元优惠券","CouponTagID":21,"BusinessTypeLimit":[],"ServerTypeLimit":[1],"CarTypeLimit":[10,1,2,3,6,7,4,9,8,5],"IsSpecial":0,"CityLimit":[],"Denomination":200,"UseRoleMoney":1,"CouponMaxMoney":100,"Number":100000,"Remark":"<p>123</p>","IsWechatPayCoupon":0,"LimitStartTime":"","LimitEndTime":"","CouponStartDate":"2026-08-12","CouponEndDate":"2048-09-30","LimitPerUser":0,"NaturalPerLimit":0,"PhoneLimit":0,"CouponNameDy":"","ConsumeDesc":"","ReceiveDesc":"","ConsumePath":"","CouponType":1,"UseTime":["2026-08-12","2048-09-30"],"UseTimeRange":["2026-08-12","2048-09-30"]}
[2026-09-03 17:59:29] [INFO] 正在点击“确定”按钮提交优惠券表单...
[2026-09-03 17:59:29] [INFO] JS 提交触发结果: JS global button click triggered
[2026-09-03 17:59:46] [ERROR] [❌ 错误] 等待优惠券创建弹窗消失超时或失败，极可能创建未成功！具体错误: Locator.wait_for: Timeout 15000ms exceeded.
Call log:
  - waiting for locator(".el-dialog:visible").filter(has=locator(".el-dialog__title:has-text('添加优惠券')")) to be hidden
    34 × locator resolved to visible <div role="dialog" aria-modal="true" aria-label="添加优惠券" class="el-dialog coupon-manage-dialog">…</div>

[2026-09-03 17:59:47] [ERROR] 🛑 [阻断运行] 优惠券未成功提交入库，系统已自动阻断并安全拦截，不再继续执行后续审批流转程序！
[2026-09-03 18:01:38] [INFO] 正在打开“创建优惠券”弹窗...
[2026-09-03 18:01:53] [INFO] 表单填写完毕，截图已保存至 output/coupon_form_filled.png
[2026-09-03 18:01:53] [INFO] 正在通过 JS 降维打击，一键注入 Vue 核心模型并清除校验警告...
[2026-09-03 18:01:53] [INFO] JS 注入结果: Vue model updated successfully. Model content: {"Terminal":[3,4,5,6,8],"TimesVal":["2026-08-12","2048-09-30"],"AgentId":[447,470,471,9999],"ValidityType":1,"CouponName":"200元优惠券","CouponTagID":21,"BusinessTypeLimit":[],"ServerTypeLimit":[1],"CarTypeLimit":[10,1,2,3,6,7,4,9,8,5],"IsSpecial":0,"CityLimit":[],"Denomination":200,"UseRoleMoney":1,"CouponMaxMoney":100,"Number":100000,"Remark":"<p>123</p>","IsWechatPayCoupon":0,"LimitStartTime":"","LimitEndTime":"","CouponStartDate":"2026-08-12","CouponEndDate":"2048-09-30","LimitPerUser":0,"NaturalPerLimit":0,"PhoneLimit":0,"CouponNameDy":"","ConsumeDesc":"","ReceiveDesc":"","ConsumePath":"","CouponType":1,"UseTime":["2026-08-12","2048-09-30"],"UseTimeRange":["2026-08-12","2048-09-30"]}
[2026-09-03 18:01:53] [INFO] 正在点击“确定”按钮提交优惠券表单...
[2026-09-03 18:01:53] [INFO] JS 提交触发结果: JS global button click triggered
[2026-09-03 18:02:10] [ERROR] [❌ 错误] 等待优惠券创建弹窗消失超时或失败，极可能创建未成功！具体错误: Locator.wait_for: Timeout 15000ms exceeded.
Call log:
  - waiting for locator(".el-dialog:visible").filter(has=locator(".el-dialog__title:has-text('添加优惠券')")) to be hidden
    34 × locator resolved to visible <div role="dialog" aria-modal="true" aria-label="添加优惠券" class="el-dialog coupon-manage-dialog">…</div>

[2026-09-03 18:02:10] [ERROR] 🛑 [阻断运行] 优惠券未成功提交入库，系统已自动阻断并安全拦截，不再继续执行后续审批流转程序！
[2026-09-03 18:05:29] [INFO] 正在打开“创建优惠券”弹窗...
[2026-09-03 18:05:43] [INFO] 表单填写完毕，截图已保存至 output/coupon_form_filled.png
[2026-09-03 18:05:43] [INFO] 正在通过 JS 降维打击，一键注入 Vue 核心模型并清除校验警告...
[2026-09-03 18:05:43] [INFO] JS 注入结果: Vue model updated successfully. Model content: {"Terminal":[3,4,5,6,8],"TimesVal":["2026-08-12","2048-09-30"],"AgentId":[447,470,471,9999],"ValidityType":1,"CouponName":"200元优惠券","CouponTagID":21,"BusinessTypeLimit":[],"ServerTypeLimit":[1],"CarTypeLimit":[10,1,2,3,6,7,4,9,8,5],"IsSpecial":0,"CityLimit":[],"Denomination":200,"UseRoleMoney":1,"CouponMaxMoney":100,"Number":100000,"Remark":"<p>123</p>","IsWechatPayCoupon":0,"LimitStartTime":"","LimitEndTime":"","CouponStartDate":"2026-08-12","CouponEndDate":"2048-09-30","LimitPerUser":0,"NaturalPerLimit":0,"PhoneLimit":0,"CouponNameDy":"","ConsumeDesc":"","ReceiveDesc":"","ConsumePath":"","CouponType":1,"UseTime":["2026-08-12","2048-09-30"],"UseTimeRange":["2026-08-12","2048-09-30"]}
[2026-09-03 18:05:43] [INFO] 正在点击“确定”按钮提交优惠券表单...
[2026-09-03 18:05:43] [INFO] JS 提交触发结果: JS global button click triggered
[2026-09-03 18:06:00] [ERROR] [❌ 错误] 等待优惠券创建弹窗消失超时或失败，极可能创建未成功！具体错误: Locator.wait_for: Timeout 15000ms exceeded.
Call log:
  - waiting for locator(".el-dialog:visible").filter(has=locator(".el-dialog__title:has-text('添加优惠券')")) to be hidden
    34 × locator resolved to visible <div role="dialog" aria-modal="true" aria-label="添加优惠券" class="el-dialog coupon-manage-dialog">…</div>

[2026-09-03 18:06:01] [ERROR] 🛑 [阻断运行] 优惠券未成功提交入库，系统已自动阻断并安全拦截，不再继续执行后续审批流转程序！
[2026-09-03 18:21:53] [INFO] 正在打开“创建优惠券”弹窗...
[2026-09-03 18:22:07] [INFO] 表单填写完毕，截图已保存至 output/coupon_form_filled.png
[2026-09-03 18:22:07] [INFO] 正在通过 JS 降维打击，一键注入 Vue 核心模型并清除校验警告...
[2026-09-03 18:22:07] [INFO] JS 注入结果: Vue model updated successfully. Model content: {"Terminal":[3,4,5,6,8],"TimesVal":["2026-08-12","2048-09-30"],"AgentId":[447,470,471,9999],"ValidityType":1,"CouponName":"200元优惠券","CouponTagID":21,"BusinessTypeLimit":[],"ServerTypeLimit":[1],"CarTypeLimit":[10,1,2,3,6,7,4,9,8,5],"IsSpecial":0,"CityLimit":[],"Denomination":200,"UseRoleMoney":1,"CouponMaxMoney":100,"Number":100000,"Remark":"<p>123</p>","IsWechatPayCoupon":0,"LimitStartTime":"","LimitEndTime":"","CouponStartDate":"2026-08-12","CouponEndDate":"2048-09-30","LimitPerUser":0,"NaturalPerLimit":0,"PhoneLimit":0,"CouponNameDy":"","ConsumeDesc":"","ReceiveDesc":"","ConsumePath":"","CouponType":1,"UseTime":["2026-08-12","2048-09-30"],"UseTimeRange":["2026-08-12","2048-09-30"]}
[2026-09-03 18:22:07] [INFO] 正在点击“确定”按钮提交优惠券表单...
[2026-09-03 18:22:07] [INFO] [*] 正在执行 Playwright 物理模拟点击“确定”按钮...
[2026-09-03 18:22:07] [INFO] [🎉 SUCCESS] Playwright 物理点击完成！
[2026-09-03 18:22:09] [ERROR] [❌ 系统接口拦截] 检测到全局系统报错提示：'请输入优惠券有效期'
[2026-09-03 18:22:09] [ERROR] 📸 [创建失败] 检测到前端表单校验或接口拦截，截图已安全留存至: output/coupon_validation_red_error.png
[2026-09-03 18:22:09] [ERROR] 🛑 [阻断运行] 优惠券创建未成功，系统已自动阻断并安全拦截，不再继续执行后续审批流转程序！
[2026-09-03 18:25:36] [INFO] ✨ [智能有效期] 自动设定当前日期到10年后: 2026-09-03 至 2036-09-03
[2026-09-03 18:25:48] [INFO] 正在打开“创建优惠券”弹窗...
[2026-09-03 18:26:02] [INFO] 表单填写完毕，截图已保存至 output/coupon_form_filled.png
[2026-09-03 18:26:02] [INFO] 正在通过 JS 降维打击，一键注入 Vue 核心模型并清除校验警告...
[2026-09-03 18:26:02] [INFO] JS 注入结果: Vue model updated successfully. Model content: {"Terminal":[3,4,5,6,8],"TimesVal":["2026-09-03","2036-09-03"],"AgentId":[447,470,471,9999],"ValidityType":1,"CouponName":"200元优惠券","CouponTagID":21,"BusinessTypeLimit":[],"ServerTypeLimit":[1],"CarTypeLimit":[10,1,2,3,6,7,4,9,8,5],"IsSpecial":0,"CityLimit":[],"Denomination":200,"UseRoleMoney":1,"CouponMaxMoney":100,"Number":100000,"Remark":"<p>123</p>","IsWechatPayCoupon":0,"LimitStartTime":"","LimitEndTime":"","CouponStartDate":"2026-09-03","CouponEndDate":"2036-09-03","LimitPerUser":0,"NaturalPerLimit":0,"PhoneLimit":0,"CouponNameDy":"","ConsumeDesc":"","ReceiveDesc":"","ConsumePath":"","CouponType":1,"UseTime":["2026-09-03","2036-09-03"],"UseTimeRange":["2026-09-03","2036-09-03"]}
[2026-09-03 18:26:02] [INFO] 正在点击“确定”按钮提交优惠券表单...
[2026-09-03 18:26:02] [INFO] [*] 正在执行 Playwright 物理模拟点击“确定”按钮...
[2026-09-03 18:26:02] [INFO] [🎉 SUCCESS] Playwright 物理点击完成！
[2026-09-03 18:26:04] [ERROR] [❌ 系统接口拦截] 检测到全局系统报错提示：'请输入优惠券有效期'
[2026-09-03 18:26:05] [ERROR] 📸 [创建失败] 检测到前端表单校验或接口拦截，截图已安全留存至: output/coupon_validation_red_error.png
[2026-09-03 18:26:05] [ERROR] 🛑 [阻断运行] 优惠券创建未成功，系统已自动阻断并安全拦截，不再继续执行后续审批流转程序！
[2026-09-03 18:28:32] [INFO] ✨ [智能有效期] 自动设定当前日期到10年后: 2026-09-03 至 2036-09-03
[2026-09-03 18:28:42] [INFO] 正在打开“创建优惠券”弹窗...
[2026-09-03 18:28:56] [INFO] 表单填写完毕，截图已保存至 output/coupon_form_filled.png
[2026-09-03 18:28:56] [INFO] 正在通过 JS 降维打击，一键注入 Vue 核心模型并清除校验警告...
[2026-09-03 18:28:56] [INFO] JS 注入结果: Vue model updated successfully. Model content: {"Terminal":[3,4,5,6,8],"TimesVal":["2026-09-03","2036-09-03"],"AgentId":[447,470,471,9999],"ValidityType":1,"CouponName":"200元优惠券","CouponTagID":21,"BusinessTypeLimit":[],"ServerTypeLimit":[1],"CarTypeLimit":[10,1,2,3,6,7,4,9,8,5],"IsSpecial":0,"CityLimit":[],"Denomination":200,"UseRoleMoney":1,"CouponMaxMoney":100,"Number":100000,"Remark":"<p>123</p>","IsWechatPayCoupon":0,"LimitStartTime":"","LimitEndTime":"","CouponStartDate":"2026-09-03","CouponEndDate":"2036-09-03","LimitPerUser":0,"NaturalPerLimit":0,"PhoneLimit":0,"CouponNameDy":"","ConsumeDesc":"","ReceiveDesc":"","ConsumePath":"","CouponType":1,"UseTime":["2026-09-03","2036-09-03"],"UseTimeRange":["2026-09-03","2036-09-03"]}
[2026-09-03 18:28:56] [INFO] 正在点击“确定”按钮提交优惠券表单...
[2026-09-03 18:28:56] [INFO] [*] 正在执行 Playwright 物理模拟点击“确定”按钮...
[2026-09-03 18:28:56] [INFO] [🎉 SUCCESS] Playwright 物理点击完成！
[2026-09-03 18:28:58] [ERROR] [❌ 系统接口拦截] 检测到全局系统报错提示：'请输入优惠券有效期'
[2026-09-03 18:28:58] [ERROR] 📸 [创建失败] 检测到前端表单校验或接口拦截，截图已安全留存至: output/coupon_validation_red_error.png
[2026-09-03 18:28:58] [ERROR] 🛑 [阻断运行] 优惠券创建未成功，系统已自动阻断并安全拦截，不再继续执行后续审批流转程序！
[2026-09-03 18:31:10] [INFO] ✨ [智能有效期] 自动设定当前日期到10年后: 2026-09-03 至 2036-09-03
[2026-09-03 18:31:23] [INFO] 正在打开“创建优惠券”弹窗...
[2026-09-03 18:31:36] [INFO] 表单填写完毕，截图已保存至 output/coupon_form_filled.png
[2026-09-03 18:31:36] [INFO] 正在通过 JS 降维打击，一键注入 Vue 核心模型并清除校验警告...
[2026-09-03 18:31:36] [INFO] JS 注入结果: Vue model updated successfully. Model content: {"Terminal":[3,4,5,6,8],"TimesVal":["2026-09-03","2036-09-03"],"AgentId":[447,470,471,9999],"ValidityType":1,"CouponName":"200元优惠券","CouponTagID":21,"BusinessTypeLimit":[],"ServerTypeLimit":[1],"CarTypeLimit":[10,1,2,3,6,7,4,9,8,5],"IsSpecial":0,"CityLimit":[],"Denomination":200,"UseRoleMoney":1,"CouponMaxMoney":100,"Number":100000,"Remark":"<p>123</p>","IsWechatPayCoupon":0,"LimitStartTime":"","LimitEndTime":"","CouponStartDate":"2026-09-03","CouponEndDate":"2036-09-03","LimitPerUser":0,"NaturalPerLimit":0,"PhoneLimit":0,"CouponNameDy":"","ConsumeDesc":"","ReceiveDesc":"","ConsumePath":"","CouponType":1,"UseTime":["2026-09-03","2036-09-03"],"UseTimeRange":["2026-09-03","2036-09-03"]}
[2026-09-03 18:31:36] [INFO] 正在点击“确定”按钮提交优惠券表单...
[2026-09-03 18:31:36] [INFO] [*] 正在执行 Playwright 物理模拟点击“确定”按钮...
[2026-09-03 18:31:36] [INFO] [🎉 SUCCESS] Playwright 物理点击完成！
[2026-09-03 18:31:38] [ERROR] [❌ 系统接口拦截] 检测到全局系统报错提示：'请输入优惠券有效期'
[2026-09-03 18:31:39] [ERROR] 📸 [创建失败] 检测到前端表单校验或接口拦截，截图已安全留存至: output/coupon_validation_red_error.png
[2026-09-03 18:31:39] [ERROR] 🛑 [阻断运行] 优惠券创建未成功，系统已自动阻断并安全拦截，不再继续执行后续审批流转程序！
[2026-09-03 18:37:02] [INFO] ✨ [智能有效期] 自动设定当前日期到10年后: 2026-09-03 至 2036-09-03
[2026-09-03 18:37:15] [INFO] 正在打开“创建优惠券”弹窗...
[2026-09-03 18:37:29] [INFO] 表单填写完毕，截图已保存至 output/coupon_form_filled.png
[2026-09-03 18:37:29] [INFO] 正在通过 JS 降维打击，一键注入 Vue 核心模型并清除校验警告...
[2026-09-03 18:37:29] [INFO] JS 注入结果: Vue model updated successfully. Model content: {"Terminal":[3,4,5,6,8],"TimesVal":["2026-09-03","2036-09-03"],"AgentId":[447,470,471,9999],"ValidityType":1,"CouponName":"200元优惠券","CouponTagID":21,"BusinessTypeLimit":[],"ServerTypeLimit":[1],"CarTypeLimit":[10,1,2,3,6,7,4,9,8,5],"IsSpecial":0,"CityLimit":[],"Denomination":200,"UseRoleMoney":1,"CouponMaxMoney":100,"Number":100000,"Remark":"<p>123</p>","IsWechatPayCoupon":0,"LimitStartTime":"","LimitEndTime":"","CouponStartDate":"2026-09-03","CouponEndDate":"2036-09-03","LimitPerUser":0,"NaturalPerLimit":0,"PhoneLimit":0,"CouponNameDy":"","ConsumeDesc":"","ReceiveDesc":"","ConsumePath":"","CouponType":1,"UseTime":["2026-09-03","2036-09-03"],"UseTimeRange":["2026-09-03","2036-09-03"]}
[2026-09-03 18:37:29] [INFO] 正在点击“确定”按钮提交优惠券表单...
[2026-09-03 18:37:29] [INFO] [*] 正在执行 Playwright 物理模拟点击“确定”按钮...
[2026-09-03 18:37:29] [INFO] [🎉 SUCCESS] Playwright 物理点击完成！
[2026-09-03 18:37:31] [ERROR] [❌ 系统接口拦截] 检测到全局系统报错提示：'请输入优惠券有效期'
[2026-09-03 18:37:31] [ERROR] 📸 [创建失败] 检测到前端表单校验或接口拦截，截图已安全留存至: output/coupon_validation_red_error.png
[2026-09-03 18:37:31] [ERROR] 🛑 [阻断运行] 优惠券创建未成功，系统已自动阻断并安全拦截，不再继续执行后续审批流转程序！
[2026-09-03 18:38:43] [INFO] ✨ [智能有效期] 自动设定当前日期到10年后: 2026-09-03 至 2036-09-03
[2026-09-03 18:39:00] [INFO] 正在打开“创建优惠券”弹窗...
[2026-09-03 18:39:14] [INFO] 表单填写完毕，截图已保存至 output/coupon_form_filled.png
[2026-09-03 18:39:14] [INFO] 正在通过 JS 降维打击，一键注入 Vue 核心模型并清除校验警告...
[2026-09-03 18:39:14] [INFO] 🌐 [浏览器控制台] [*] 探测到 DatePicker 绑定的表单属性名: Remark
[2026-09-03 18:39:14] [INFO] 🌐 [浏览器控制台] [!] 属性反射注入发生异常: TypeError: Cannot set properties of undefined (setting 'value')
    at VueComponent.handleChange (https://dcms-test6-tx.jryghq.com/static/js/chunk-elementUI.fdf5e2aa.js:19106:29)
    at eval (eval at evaluate (:302:30), <anonymous>:54:60)
    at Array.forEach (<anonymous>)
    at eval (eval at evaluate (:302:30), <anonymous>:41:37)
    at UtilityScript.evaluate (<anonymous>:309:18)
    at UtilityScript.<anonymous> (<anonymous>:1:44)
[2026-09-03 18:39:14] [INFO] 🌐 [浏览器控制台] [*] 探测到表单模型的日期/时间相关原生字段有: {"TimesVal":["2026-09-03","2036-09-03"],"ValidityType":1,"LimitStartTime":"","LimitEndTime":"","CouponStartDate":"2026-09-03","CouponEndDate":"2036-09-03","UseTime":["2026-09-03","2036-09-03"],"UseTimeRange":["2026-09-03","2036-09-03"]}
[2026-09-03 18:39:14] [INFO] JS 注入结果: Vue model updated successfully. Model content: {"Terminal":[3,4,5,6,8],"TimesVal":["2026-09-03","2036-09-03"],"AgentId":[447,470,471,9999],"ValidityType":1,"CouponName":"200元优惠券","CouponTagID":21,"BusinessTypeLimit":[],"ServerTypeLimit":[1],"CarTypeLimit":[10,1,2,3,6,7,4,9,8,5],"IsSpecial":0,"CityLimit":[],"Denomination":200,"UseRoleMoney":1,"CouponMaxMoney":100,"Number":100000,"Remark":"<p>123</p>","IsWechatPayCoupon":0,"LimitStartTime":"","LimitEndTime":"","CouponStartDate":"2026-09-03","CouponEndDate":"2036-09-03","LimitPerUser":0,"NaturalPerLimit":0,"PhoneLimit":0,"CouponNameDy":"","ConsumeDesc":"","ReceiveDesc":"","ConsumePath":"","CouponType":1,"UseTime":["2026-09-03","2036-09-03"],"UseTimeRange":["2026-09-03","2036-09-03"]}
[2026-09-03 18:39:14] [INFO] 正在点击“确定”按钮提交优惠券表单...
[2026-09-03 18:39:14] [INFO] [*] 正在执行 Playwright 物理模拟点击“确定”按钮...
[2026-09-03 18:39:14] [INFO] [🎉 SUCCESS] Playwright 物理点击完成！
[2026-09-03 18:39:16] [ERROR] [❌ 系统接口拦截] 检测到全局系统报错提示：'请输入优惠券有效期'
[2026-09-03 18:39:16] [ERROR] 📸 [创建失败] 检测到前端表单校验或接口拦截，截图已安全留存至: output/coupon_validation_red_error.png
[2026-09-03 18:39:16] [ERROR] 🛑 [阻断运行] 优惠券创建未成功，系统已自动阻断并安全拦截，不再继续执行后续审批流转程序！
[2026-09-03 18:42:02] [INFO] ✨ [智能有效期] 自动设定当前日期到10年后: 2026-09-03 至 2036-09-03
[2026-09-03 18:42:29] [INFO] 正在打开“创建优惠券”弹窗...
[2026-09-03 18:42:42] [INFO] 表单填写完毕，截图已保存至 output/coupon_form_filled.png
[2026-09-03 18:42:42] [INFO] 正在通过 JS 降维打击，一键注入 Vue 核心模型并清除校验警告...
[2026-09-03 18:42:42] [INFO] 🌐 [浏览器控制台] [!] 属性反射注入发生异常: TypeError: Cannot set properties of undefined (setting 'value')
    at VueComponent.handleChange (https://dcms-test6-tx.jryghq.com/static/js/chunk-elementUI.fdf5e2aa.js:19106:29)
    at eval (eval at evaluate (:302:30), <anonymous>:55:60)
    at Array.forEach (<anonymous>)
    at eval (eval at evaluate (:302:30), <anonymous>:42:37)
    at UtilityScript.evaluate (<anonymous>:309:18)
    at UtilityScript.<anonymous> (<anonymous>:1:44)
[2026-09-03 18:42:42] [INFO] 🌐 [浏览器控制台] [*] 探测到表单模型的日期/时间相关原生字段有: {"TimesVal":["2026-09-03","2036-09-03"],"ValidityType":1,"LimitStartTime":"","LimitEndTime":"","CouponStartDate":"2026-09-03","CouponEndDate":"2036-09-03","UseTime":["2026-09-03","2036-09-03"],"UseTimeRange":["2026-09-03","2036-09-03"]}
[2026-09-03 18:42:42] [INFO] JS 注入结果: Vue model updated successfully. Model content: {"Terminal":[3,4,5,6,8],"TimesVal":["2026-09-03","2036-09-03"],"AgentId":[447,470,471,9999],"ValidityType":1,"CouponName":"200元优惠券","CouponTagID":21,"BusinessTypeLimit":[],"ServerTypeLimit":[1],"CarTypeLimit":[10,1,2,3,6,7,4,9,8,5],"IsSpecial":0,"CityLimit":[],"Denomination":200,"UseRoleMoney":1,"CouponMaxMoney":100,"Number":100000,"Remark":"<p>123</p>","IsWechatPayCoupon":0,"LimitStartTime":"","LimitEndTime":"","CouponStartDate":"2026-09-03","CouponEndDate":"2036-09-03","LimitPerUser":0,"NaturalPerLimit":0,"PhoneLimit":0,"CouponNameDy":"","ConsumeDesc":"","ReceiveDesc":"","ConsumePath":"","CouponType":1,"UseTime":["2026-09-03","2036-09-03"],"UseTimeRange":["2026-09-03","2036-09-03"]} | Detected date props: ["Remark"]
[2026-09-03 18:42:42] [INFO] 正在点击“确定”按钮提交优惠券表单...
[2026-09-03 18:42:42] [INFO] [*] 正在执行 Playwright 物理模拟点击“确定”按钮...
[2026-09-03 18:42:42] [INFO] [🎉 SUCCESS] Playwright 物理点击完成！
[2026-09-03 18:42:44] [ERROR] [❌ 系统接口拦截] 检测到全局系统报错提示：'请输入优惠券有效期'
[2026-09-03 18:42:45] [ERROR] 📸 [创建失败] 检测到前端表单校验或接口拦截，截图已安全留存至: output/coupon_validation_red_error.png
[2026-09-03 18:42:45] [ERROR] 🛑 [阻断运行] 优惠券创建未成功，系统已自动阻断并安全拦截，不再继续执行后续审批流转程序！
[2026-09-03 18:44:32] [INFO] ✨ [智能有效期] 自动设定当前日期到10年后: 2026-09-03 至 2036-09-03
[2026-09-03 18:44:44] [INFO] 正在打开“创建优惠券”弹窗...
[2026-09-03 18:45:00] [INFO] 表单填写完毕，截图已保存至 output/coupon_form_filled.png
[2026-09-03 18:45:00] [INFO] 正在通过 JS 降维打击，一键注入 Vue 核心模型并清除校验警告...
[2026-09-03 18:45:01] [INFO] 🌐 [浏览器控制台] [!] 属性反射注入发生异常: TypeError: Cannot read properties of null (reading 'length')
    at push.../../node_modules/.pnpm/element-ui@2.15.14_vue@2.7.16/node_modules/element-ui/lib/utils/date.js.fecha.parse (https://dcms-test6-tx.jryghq.com/static/js/chunk-elementUI.fdf5e2aa.js:57044:17)
    at parseDate (https://dcms-test6-tx.jryghq.com/static/js/chunk-elementUI.fdf5e2aa.js:56478:25)
    at DATE_PARSER (https://dcms-test6-tx.jryghq.com/static/js/chunk-elementUI.fdf5e2aa.js:18599:41)
    at RANGE_PARSER (https://dcms-test6-tx.jryghq.com/static/js/chunk-elementUI.fdf5e2aa.js:18620:13)
    at parseAsFormatAndType (https://dcms-test6-tx.jryghq.com/static/js/chunk-elementUI.fdf5e2aa.js:18754:10)
    at VueComponent.parsedValue (https://dcms-test6-tx.jryghq.com/static/js/chunk-elementUI.fdf5e2aa.js:19001:16)
    at push.../../node_modules/.pnpm/vue@2.7.16/node_modules/vue/dist/vue.runtime.esm.js.Watcher.get (https://dcms-test6-tx.jryghq.com/static/js/chunk-libs.fdf5e2aa.js:172813:33)
    at push.../../node_modules/.pnpm/vue@2.7.16/node_modules/vue/dist/vue.runtime.esm.js.Watcher.evaluate (https://dcms-test6-tx.jryghq.com/static/js/chunk-libs.fdf5e2aa.js:172914:27)
    at VueComponent.computedGetter [as parsedValue] (https://dcms-test6-tx.jryghq.com/static/js/chunk-libs.fdf5e2aa.js:174904:25)
    at VueComponent.displayValue (https://dcms-test6-tx.jryghq.com/static/js/chunk-elementUI.fdf5e2aa.js:18980:55)
[2026-09-03 18:45:01] [INFO] 🌐 [浏览器控制台] [*] 探测到表单模型的日期/时间相关原生字段有: {"TimesVal":["2026-09-03","2036-09-03"],"ValidityType":1,"LimitStartTime":"","LimitEndTime":"","CouponStartDate":"2026-09-03","CouponEndDate":"2036-09-03","StartDate":"2026-09-03","EndDate":"2036-09-03","UseTime":["2026-09-03","2036-09-03"],"UseTimeRange":["2026-09-03","2036-09-03"]}
[2026-09-03 18:45:01] [INFO] JS 注入结果: Vue model updated successfully. Model content: {"Terminal":[3,4,5,6,8],"TimesVal":["2026-09-03","2036-09-03"],"AgentId":[447,470,471,9999],"ValidityType":1,"CouponName":"200元优惠券","CouponTagID":21,"BusinessTypeLimit":[],"ServerTypeLimit":[1],"CarTypeLimit":[10,1,2,3,6,7,4,9,8,5],"IsSpecial":0,"CityLimit":[],"Denomination":200,"UseRoleMoney":1,"CouponMaxMoney":100,"Number":100000,"Remark":"<p>123</p>","IsWechatPayCoupon":0,"LimitStartTime":"","LimitEndTime":"","CouponStartDate":"2026-09-03","CouponEndDate":"2036-09-03","LimitPerUser":0,"NaturalPerLimit":0,"PhoneLimit":0,"CouponNameDy":"","ConsumeDesc":"","ReceiveDesc":"","ConsumePath":"","CouponType":1,"StartDate":"2026-09-03","EndDate":"2036-09-03","UseTime":["2026-09-03","2036-09-03"],"UseTimeRange":["2026-09-03","2036-09-03"]} | Detected date props: ["Remark"]
[2026-09-03 18:45:01] [INFO] 正在点击“确定”按钮提交优惠券表单...
[2026-09-03 18:45:01] [INFO] [*] 正在执行 Playwright 物理模拟点击“确定”按钮...
[2026-09-03 18:45:01] [INFO] [🎉 SUCCESS] Playwright 物理点击完成！
[2026-09-03 18:45:03] [INFO] 添加优惠券弹窗已成功关闭。
[2026-09-03 18:46:42] [INFO] ✨ [智能有效期] 自动设定当前日期到10年后: 2026-09-03 至 2036-09-03
[2026-09-03 18:46:51] [INFO] 正在打开“创建优惠券”弹窗...
[2026-09-03 18:47:08] [INFO] 表单填写完毕，截图已保存至 output/coupon_form_filled.png
[2026-09-03 18:47:08] [INFO] 正在通过 JS 降维打击，一键注入 Vue 核心模型并清除校验警告...
[2026-09-03 18:47:08] [INFO] 🌐 [浏览器控制台] [!] 属性反射注入发生异常: TypeError: Cannot read properties of null (reading 'length')
    at push.../../node_modules/.pnpm/element-ui@2.15.14_vue@2.7.16/node_modules/element-ui/lib/utils/date.js.fecha.parse (https://dcms-test6-tx.jryghq.com/static/js/chunk-elementUI.fdf5e2aa.js:57044:17)
    at parseDate (https://dcms-test6-tx.jryghq.com/static/js/chunk-elementUI.fdf5e2aa.js:56478:25)
    at DATE_PARSER (https://dcms-test6-tx.jryghq.com/static/js/chunk-elementUI.fdf5e2aa.js:18599:41)
    at RANGE_PARSER (https://dcms-test6-tx.jryghq.com/static/js/chunk-elementUI.fdf5e2aa.js:18620:13)
    at parseAsFormatAndType (https://dcms-test6-tx.jryghq.com/static/js/chunk-elementUI.fdf5e2aa.js:18754:10)
    at VueComponent.parsedValue (https://dcms-test6-tx.jryghq.com/static/js/chunk-elementUI.fdf5e2aa.js:19001:16)
    at push.../../node_modules/.pnpm/vue@2.7.16/node_modules/vue/dist/vue.runtime.esm.js.Watcher.get (https://dcms-test6-tx.jryghq.com/static/js/chunk-libs.fdf5e2aa.js:172813:33)
    at push.../../node_modules/.pnpm/vue@2.7.16/node_modules/vue/dist/vue.runtime.esm.js.Watcher.evaluate (https://dcms-test6-tx.jryghq.com/static/js/chunk-libs.fdf5e2aa.js:172914:27)
    at VueComponent.computedGetter [as parsedValue] (https://dcms-test6-tx.jryghq.com/static/js/chunk-libs.fdf5e2aa.js:174904:25)
    at VueComponent.displayValue (https://dcms-test6-tx.jryghq.com/static/js/chunk-elementUI.fdf5e2aa.js:18980:55)
[2026-09-03 18:47:08] [INFO] 🌐 [浏览器控制台] [*] 探测到表单模型的日期/时间相关原生字段有: {"TimesVal":["2026-09-03","2036-09-03"],"ValidityType":1,"LimitStartTime":"","LimitEndTime":"","CouponStartDate":"2026-09-03","CouponEndDate":"2036-09-03","StartDate":"2026-09-03","EndDate":"2036-09-03","UseTime":["2026-09-03","2036-09-03"],"UseTimeRange":["2026-09-03","2036-09-03"]}
[2026-09-03 18:47:08] [INFO] JS 注入结果: Vue model updated successfully. Model content: {"Terminal":[3,4,5,6,8],"TimesVal":["2026-09-03","2036-09-03"],"AgentId":[447,470,471,9999],"ValidityType":1,"CouponName":"8.5折优惠券","CouponTagID":21,"BusinessTypeLimit":[],"ServerTypeLimit":[1],"CarTypeLimit":[10,1,2,3,6,7,4,9,8,5],"IsSpecial":0,"CityLimit":[],"Denomination":8.5,"UseRoleMoney":1,"CouponMaxMoney":100,"Number":100000,"Remark":"<p>123</p>","IsWechatPayCoupon":0,"LimitStartTime":"","LimitEndTime":"","CouponStartDate":"2026-09-03","CouponEndDate":"2036-09-03","LimitPerUser":0,"NaturalPerLimit":0,"PhoneLimit":0,"CouponNameDy":"","ConsumeDesc":"","ReceiveDesc":"","ConsumePath":"","CouponType":2,"StartDate":"2026-09-03","EndDate":"2036-09-03","Discount":8.5,"UseTime":["2026-09-03","2036-09-03"],"UseTimeRange":["2026-09-03","2036-09-03"]} | Detected date props: ["Remark"]
[2026-09-03 18:47:08] [INFO] 正在点击“确定”按钮提交优惠券表单...
[2026-09-03 18:47:08] [INFO] [*] 正在执行 Playwright 物理模拟点击“确定”按钮...
[2026-09-03 18:47:08] [INFO] [🎉 SUCCESS] Playwright 物理点击完成！
[2026-09-03 18:47:10] [INFO] 添加优惠券弹窗已成功关闭。
