[2026-09-01 16:22:55] [INFO] 正在导航至后台管理登录页面: https://dcms-test6-tx.jryghq.com/#/admin/v1/coupon_manage
[2026-09-01 16:22:57] [INFO] 第 1 次尝试导航成功。
[2026-09-01 16:23:00] [INFO] 正在录入登录凭证与基本鉴权要素...
[2026-09-01 16:23:00] [INFO] 正在点击‘获取验证码’按钮触发短信验证码流程...
[2026-09-01 16:23:01] [INFO] 正在点击‘登录’按钮提交系统鉴权请求...
[2026-09-01 16:23:01] [INFO] 正在等待系统进行登录校验并完成路由重定向跳转离登录页...
[2026-09-01 16:23:02] [INFO] 登录成功，重定向就绪。当前系统路由 URL: https://dcms-test6-tx.jryghq.com/#/admin/v1/coupon_manage
[2026-09-01 16:24:00] [INFO] 正在导航至后台管理登录页面: https://dcms-test6-tx.jryghq.com/#/admin/v1/coupon_manage
[2026-09-01 16:24:02] [INFO] 第 1 次尝试导航成功。
[2026-09-01 16:24:05] [INFO] 正在录入登录凭证与基本鉴权要素...
[2026-09-01 16:24:06] [INFO] 正在点击‘获取验证码’按钮触发短信验证码流程...
[2026-09-01 16:24:07] [INFO] 正在点击‘登录’按钮提交系统鉴权请求...
[2026-09-01 16:24:07] [INFO] 正在等待系统进行登录校验并完成路由重定向跳转离登录页...
[2026-09-01 16:24:09] [INFO] 登录成功，重定向就绪。当前系统路由 URL: https://dcms-test6-tx.jryghq.com/#/admin/v1/coupon_manage
[2026-09-01 16:24:47] [INFO] 正在导航至后台管理登录页面: https://dcms-test6-tx.jryghq.com/#/admin/v1/coupon_manage
[2026-09-01 16:24:49] [INFO] 第 1 次尝试导航成功。
[2026-09-01 16:24:52] [INFO] 正在录入登录凭证与基本鉴权要素...
[2026-09-01 16:24:53] [INFO] 正在点击‘获取验证码’按钮触发短信验证码流程...
[2026-09-01 16:24:54] [INFO] 正在点击‘登录’按钮提交系统鉴权请求...
[2026-09-01 16:24:54] [INFO] 正在等待系统进行登录校验并完成路由重定向跳转离登录页...
[2026-09-01 16:24:55] [INFO] 登录成功，重定向就绪。当前系统路由 URL: https://dcms-test6-tx.jryghq.com/#/admin/v1/coupon_manage
[2026-09-01 16:27:09] [INFO] 正在导航至后台管理登录页面: https://dcms-test6-tx.jryghq.com/#/admin/v1/coupon_manage
[2026-09-01 16:27:11] [INFO] 第 1 次尝试导航成功。
[2026-09-01 16:27:14] [INFO] 正在录入登录凭证与基本鉴权要素...
[2026-09-01 16:27:14] [INFO] 正在点击‘获取验证码’按钮触发短信验证码流程...
[2026-09-01 16:27:15] [INFO] 正在点击‘登录’按钮提交系统鉴权请求...
[2026-09-01 16:27:15] [INFO] 正在等待系统进行登录校验并完成路由重定向跳转离登录页...
[2026-09-01 16:27:16] [INFO] 登录成功，重定向就绪。当前系统路由 URL: https://dcms-test6-tx.jryghq.com/#/admin/v1/coupon_manage
[2026-09-01 16:28:17] [INFO] 正在导航至后台管理登录页面: https://dcms-test6-tx.jryghq.com/#/admin/v1/coupon_manage
[2026-09-01 16:28:20] [INFO] 第 1 次尝试导航成功。
[2026-09-01 16:28:23] [INFO] 正在录入登录凭证与基本鉴权要素...
[2026-09-01 16:28:23] [INFO] 正在点击‘获取验证码’按钮触发短信验证码流程...
[2026-09-01 16:28:24] [INFO] 正在点击‘登录’按钮提交系统鉴权请求...
[2026-09-01 16:28:24] [INFO] 正在等待系统进行登录校验并完成路由重定向跳转离登录页...
[2026-09-01 16:28:25] [INFO] 登录成功，重定向就绪。当前系统路由 URL: https://dcms-test6-tx.jryghq.com/#/admin/v1/coupon_manage
[2026-09-01 16:29:21] [INFO] 正在导航至后台管理登录页面: https://dcms-test6-tx.jryghq.com/#/admin/v1/coupon_manage
[2026-09-01 16:29:24] [INFO] 第 1 次尝试导航成功。
[2026-09-01 16:29:27] [INFO] 正在录入登录凭证与基本鉴权要素...
[2026-09-01 16:29:27] [INFO] 正在点击‘获取验证码’按钮触发短信验证码流程...
[2026-09-01 16:29:28] [INFO] 正在点击‘登录’按钮提交系统鉴权请求...
[2026-09-01 16:29:28] [INFO] 正在等待系统进行登录校验并完成路由重定向跳转离登录页...
[2026-09-01 16:29:30] [INFO] 登录成功，重定向就绪。当前系统路由 URL: https://dcms-test6-tx.jryghq.com/#/admin/v1/coupon_manage
[2026-09-01 16:31:57] [INFO] 正在导航至后台管理登录页面: https://dcms-test6-tx.jryghq.com/#/admin/v1/coupon_manage
[2026-09-01 16:32:06] [INFO] 第 1 次尝试导航成功。
[2026-09-01 16:32:09] [INFO] 正在录入登录凭证与基本鉴权要素...
[2026-09-01 16:32:09] [INFO] 正在点击‘获取验证码’按钮触发短信验证码流程...
[2026-09-01 16:32:10] [INFO] 正在点击‘登录’按钮提交系统鉴权请求...
[2026-09-01 16:32:10] [INFO] 正在等待系统进行登录校验并完成路由重定向跳转离登录页...
[2026-09-01 16:32:11] [INFO] 登录成功，重定向就绪。当前系统路由 URL: https://dcms-test6-tx.jryghq.com/#/admin/v1/coupon_manage
[2026-09-01 16:33:20] [INFO] 正在导航至后台管理登录页面: https://dcms-test6-tx.jryghq.com/#/admin/v1/coupon_manage
[2026-09-01 16:33:23] [INFO] 第 1 次尝试导航成功。
[2026-09-01 16:33:26] [INFO] 正在录入登录凭证与基本鉴权要素...
[2026-09-01 16:33:26] [INFO] 正在点击‘获取验证码’按钮触发短信验证码流程...
[2026-09-01 16:33:27] [INFO] 正在点击‘登录’按钮提交系统鉴权请求...
[2026-09-01 16:33:28] [INFO] 正在等待系统进行登录校验并完成路由重定向跳转离登录页...
[2026-09-01 16:33:30] [INFO] 登录成功，重定向就绪。当前系统路由 URL: https://dcms-test6-tx.jryghq.com/#/admin/v1/coupon_manage
[2026-09-01 16:35:06] [INFO] 正在导航至后台管理登录页面: https://dcms-test6-tx.jryghq.com/#/admin/v1/coupon_manage
[2026-09-01 16:35:11] [INFO] 第 1 次尝试导航成功。
[2026-09-01 16:35:14] [INFO] 正在录入登录凭证与基本鉴权要素...
[2026-09-01 16:35:14] [INFO] 正在点击‘获取验证码’按钮触发短信验证码流程...
[2026-09-01 16:35:16] [INFO] 正在点击‘登录’按钮提交系统鉴权请求...
[2026-09-01 16:35:16] [INFO] 正在等待系统进行登录校验并完成路由重定向跳转离登录页...
[2026-09-01 16:35:17] [INFO] 登录成功，重定向就绪。当前系统路由 URL: https://dcms-test6-tx.jryghq.com/#/admin/v1/coupon_manage
[2026-09-01 16:36:37] [INFO] 正在导航至后台管理登录页面: https://dcms-test6-tx.jryghq.com/#/admin/v1/coupon_manage
[2026-09-01 16:36:39] [INFO] 第 1 次尝试导航成功。
[2026-09-01 16:36:42] [INFO] 正在录入登录凭证与基本鉴权要素...
[2026-09-01 16:36:42] [INFO] 正在点击‘获取验证码’按钮触发短信验证码流程...
[2026-09-01 16:36:43] [INFO] 正在点击‘登录’按钮提交系统鉴权请求...
[2026-09-01 16:36:43] [INFO] 正在等待系统进行登录校验并完成路由重定向跳转离登录页...
[2026-09-01 16:36:44] [INFO] 登录成功，重定向就绪。当前系统路由 URL: https://dcms-test6-tx.jryghq.com/#/admin/v1/coupon_manage
[2026-09-01 16:38:27] [INFO] 正在导航至后台管理登录页面: https://dcms-test6-tx.jryghq.com/#/admin/v1/coupon_manage
[2026-09-01 16:38:29] [INFO] 第 1 次尝试导航成功。
[2026-09-01 16:38:32] [INFO] 正在录入登录凭证与基本鉴权要素...
[2026-09-01 16:38:32] [INFO] 正在点击‘获取验证码’按钮触发短信验证码流程...
[2026-09-01 16:38:33] [INFO] 正在点击‘登录’按钮提交系统鉴权请求...
[2026-09-01 16:38:33] [INFO] 正在等待系统进行登录校验并完成路由重定向跳转离登录页...
[2026-09-01 16:38:34] [INFO] 登录成功，重定向就绪。当前系统路由 URL: https://dcms-test6-tx.jryghq.com/#/admin/v1/coupon_manage
[2026-09-01 16:40:05] [INFO] 正在导航至后台管理登录页面: https://dcms-test6-tx.jryghq.com/#/admin/v1/coupon_manage
[2026-09-01 16:40:08] [INFO] 第 1 次尝试导航成功。
[2026-09-01 16:40:11] [INFO] 正在录入登录凭证与基本鉴权要素...
[2026-09-01 16:40:11] [INFO] 正在点击‘获取验证码’按钮触发短信验证码流程...
[2026-09-01 16:40:12] [INFO] 正在点击‘登录’按钮提交系统鉴权请求...
[2026-09-01 16:40:12] [INFO] 正在等待系统进行登录校验并完成路由重定向跳转离登录页...
[2026-09-01 16:40:13] [INFO] 登录成功，重定向就绪。当前系统路由 URL: https://dcms-test6-tx.jryghq.com/#/admin/v1/coupon_manage
[2026-09-01 16:40:39] [INFO] 正在导航至后台管理登录页面: https://dcms-test6-tx.jryghq.com/#/admin/v1/coupon_manage
[2026-09-01 16:40:41] [INFO] 第 1 次尝试导航成功。
[2026-09-01 16:40:44] [INFO] 正在录入登录凭证与基本鉴权要素...
[2026-09-01 16:40:44] [INFO] 正在点击‘获取验证码’按钮触发短信验证码流程...
[2026-09-01 16:40:45] [INFO] 正在点击‘登录’按钮提交系统鉴权请求...
[2026-09-01 16:40:46] [INFO] 正在等待系统进行登录校验并完成路由重定向跳转离登录页...
[2026-09-01 16:40:47] [INFO] 登录成功，重定向就绪。当前系统路由 URL: https://dcms-test6-tx.jryghq.com/#/admin/v1/coupon_manage
[2026-09-01 16:44:16] [INFO] 正在导航至后台管理登录页面: https://dcms-test6-tx.jryghq.com/#/admin/v1/coupon_manage
[2026-09-01 16:44:18] [INFO] 第 1 次尝试导航成功。
[2026-09-01 16:44:21] [INFO] 正在录入登录凭证与基本鉴权要素...
[2026-09-01 16:44:21] [INFO] 正在点击‘获取验证码’按钮触发短信验证码流程...
[2026-09-01 16:44:22] [INFO] 正在点击‘登录’按钮提交系统鉴权请求...
[2026-09-01 16:44:22] [INFO] 正在等待系统进行登录校验并完成路由重定向跳转离登录页...
[2026-09-01 16:44:23] [INFO] 登录成功，重定向就绪。当前系统路由 URL: https://dcms-test6-tx.jryghq.com/#/admin/v1/coupon_manage
