[2026-09-02 11:38:21] [INFO] ============================================================
[2026-09-02 11:38:21] [INFO] 开始执行接口退款，订单号: 7359087334, 订单编号: 2693DPES4MWX4ER
[2026-09-02 11:38:21] [INFO] 退款金额: 1000 分, 退款原因: 测试, 工单ID: 1
[2026-09-02 11:38:21] [INFO] 请求接口: http://cashier.tx-test6.jryghq.cn/pay/v1/applyTradeRefund
[2026-09-02 11:38:21] [INFO] 请求参数: {"order_id": 7359087334, "order_no": "2693DPES4MWX4ER", "refund_amount": 1000, "refund_reason": "测试", "work_id": 1}
[2026-09-02 11:38:23] [INFO] HTTP 状态码: 200
[2026-09-02 11:38:23] [INFO] 响应内容: {'code': 10000, 'data': {'out_request_no': '4500000337202609022666613180', 'is_refund_ok': True, 'refund_fail_desc': '', 'refund_time': '2026-09-02 11:38:23'}, 'msg': '成功', 'sub_code': 0, 'sub_msg': ''}
[2026-09-02 11:38:23] [INFO] [✅] 订单 7359087334 退款成功！
[2026-09-02 11:38:23] [INFO] ============================================================
[2026-09-03 14:25:45] [INFO] ============================================================
[2026-09-03 14:25:45] [INFO] 开始执行接口退款，订单号: 7359087690, 订单编号: 2693DPESEIWX4ER
[2026-09-03 14:25:45] [INFO] 退款金额: 10000 分, 退款原因: 测试, 工单ID: 1
[2026-09-03 14:25:45] [INFO] 请求接口: http://cashier.tx-test6.jryghq.cn/pay/v1/applyTradeRefund
[2026-09-03 14:25:45] [INFO] 请求参数: {"order_id": 7359087690, "order_no": "2693DPESEIWX4ER", "refund_amount": 10000, "refund_reason": "测试", "work_id": 1}
[2026-09-03 14:25:46] [INFO] HTTP 状态码: 200
[2026-09-03 14:25:46] [INFO] 响应内容: {'code': 10000, 'data': {'out_request_no': '4200003151202609022073090140', 'is_refund_ok': True, 'refund_fail_desc': '', 'refund_time': '2026-09-03 14:25:46'}, 'msg': '成功', 'sub_code': 0, 'sub_msg': ''}
[2026-09-03 14:25:46] [INFO] [✅] 订单 7359087690 退款成功！
[2026-09-03 14:25:46] [INFO] ============================================================
[2026-09-03 14:29:48] [INFO] ============================================================
[2026-09-03 14:29:48] [INFO] 开始执行接口退款，订单号: 7359087690, 订单编号: 2693DPESEIWX4ER
[2026-09-03 14:29:48] [INFO] 退款金额: 10000 分, 退款原因: 测试, 工单ID: 1
[2026-09-03 14:29:48] [INFO] 请求接口: http://cashier.tx-test6.jryghq.cn/pay/v1/applyTradeRefund
[2026-09-03 14:29:48] [INFO] 请求参数: {"order_id": 7359087690, "order_no": "2693DPESEIWX4ER", "refund_amount": 10000, "refund_reason": "测试", "work_id": 1}
[2026-09-03 14:29:48] [INFO] HTTP 状态码: 200
[2026-09-03 14:29:48] [INFO] 响应内容: {'code': 10009, 'msg': '系统异常', 'sub_code': 72000, 'sub_msg': '系统异常:订单已经在退款处理中:redislock: not obtained'}
[2026-09-03 14:29:48] [ERROR] [❌] 订单 7359087690 退款失败，返回码: 10009, 消息: 系统异常
[2026-09-03 14:29:48] [INFO] ============================================================
[2026-09-03 14:30:08] [INFO] ============================================================
[2026-09-03 14:30:08] [INFO] 开始执行接口退款，订单号: 7359087690, 订单编号: 2693DPESEIWX4ER
[2026-09-03 14:30:08] [INFO] 退款金额: 10000 分, 退款原因: 测试, 工单ID: 1
[2026-09-03 14:30:08] [INFO] 请求接口: http://cashier.tx-test6.jryghq.cn/pay/v1/applyTradeRefund
[2026-09-03 14:30:08] [INFO] 请求参数: {"order_id": 7359087690, "order_no": "2693DPESEIWX4ER", "refund_amount": 10000, "refund_reason": "测试", "work_id": 1}
[2026-09-03 14:30:08] [INFO] HTTP 状态码: 200
[2026-09-03 14:30:08] [INFO] 响应内容: {'code': 10009, 'msg': '系统异常', 'sub_code': 72000, 'sub_msg': '系统异常:订单已经在退款处理中:redislock: not obtained'}
[2026-09-03 14:30:08] [ERROR] [❌] 订单 7359087690 退款失败，返回码: 10009, 消息: 系统异常
[2026-09-03 14:30:08] [INFO] ============================================================
[2026-09-03 14:30:27] [INFO] ============================================================
[2026-09-03 14:30:27] [INFO] 开始执行接口退款，订单号: 7359087690, 订单编号: 2693DPESEIWX4ER
[2026-09-03 14:30:27] [INFO] 退款金额: 1000 分, 退款原因: 测试, 工单ID: 1
[2026-09-03 14:30:27] [INFO] 请求接口: http://cashier.tx-test6.jryghq.cn/pay/v1/applyTradeRefund
[2026-09-03 14:30:27] [INFO] 请求参数: {"order_id": 7359087690, "order_no": "2693DPESEIWX4ER", "refund_amount": 1000, "refund_reason": "测试", "work_id": 1}
[2026-09-03 14:30:28] [INFO] HTTP 状态码: 200
[2026-09-03 14:30:28] [INFO] 响应内容: {'code': 10009, 'msg': '系统异常', 'sub_code': 72000, 'sub_msg': '系统异常:订单已经在退款处理中:redislock: not obtained'}
[2026-09-03 14:30:28] [ERROR] [❌] 订单 7359087690 退款失败，返回码: 10009, 消息: 系统异常
[2026-09-03 14:30:28] [INFO] ============================================================
[2026-09-03 14:31:41] [INFO] ============================================================
[2026-09-03 14:31:41] [INFO] 开始执行接口退款，订单号: 7359087690, 订单编号: 2693DPESEIWX4ER
[2026-09-03 14:31:41] [INFO] 退款金额: 1000 分, 退款原因: 测试, 工单ID: 1
[2026-09-03 14:31:41] [INFO] 请求接口: http://cashier.tx-test6.jryghq.cn/pay/v1/applyTradeRefund
[2026-09-03 14:31:41] [INFO] 请求参数: {"order_id": 7359087690, "order_no": "2693DPESEIWX4ER", "refund_amount": 1000, "refund_reason": "测试", "work_id": 1}
[2026-09-03 14:31:41] [INFO] HTTP 状态码: 200
[2026-09-03 14:31:41] [INFO] 响应内容: {'code': 10009, 'msg': '系统异常', 'sub_code': 72011, 'sub_msg': '退款单已存在但申请退款金额与记录金额不一致'}
[2026-09-03 14:31:41] [ERROR] [❌] 订单 7359087690 退款失败，返回码: 10009, 消息: 系统异常
[2026-09-03 14:31:41] [INFO] ============================================================
[2026-09-03 14:32:11] [INFO] ============================================================
[2026-09-03 14:32:11] [INFO] 开始执行接口退款，订单号: 7359087690, 订单编号: 2693DPESEIWX4ER
[2026-09-03 14:32:11] [INFO] 退款金额: 380 分, 退款原因: 测试, 工单ID: 1
[2026-09-03 14:32:11] [INFO] 请求接口: http://cashier.tx-test6.jryghq.cn/pay/v1/applyTradeRefund
[2026-09-03 14:32:11] [INFO] 请求参数: {"order_id": 7359087690, "order_no": "2693DPESEIWX4ER", "refund_amount": 380, "refund_reason": "测试", "work_id": 1}
[2026-09-03 14:32:11] [INFO] HTTP 状态码: 200
[2026-09-03 14:32:11] [INFO] 响应内容: {'code': 10009, 'msg': '系统异常', 'sub_code': 72011, 'sub_msg': '退款单已存在但申请退款金额与记录金额不一致'}
[2026-09-03 14:32:11] [ERROR] [❌] 订单 7359087690 退款失败，返回码: 10009, 消息: 系统异常
[2026-09-03 14:32:11] [INFO] ============================================================
[2026-09-03 14:38:21] [INFO] ============================================================
[2026-09-03 14:38:21] [INFO] 开始执行接口退款，订单号: 7359087690, 订单编号: 2693DPESEIWX4ER
[2026-09-03 14:38:21] [INFO] 退款金额: 380 分, 退款原因: 测试, 工单ID: 2
[2026-09-03 14:38:21] [INFO] 请求接口: http://cashier.tx-test6.jryghq.cn/pay/v1/applyTradeRefund
[2026-09-03 14:38:21] [INFO] 请求参数: {"order_id": 7359087690, "order_no": "2693DPESEIWX4ER", "refund_amount": 380, "refund_reason": "测试", "work_id": 2}
[2026-09-03 14:38:22] [INFO] HTTP 状态码: 200
[2026-09-03 14:38:22] [INFO] 响应内容: {'code': 10000, 'data': {'out_request_no': '4200003151202609022073090140', 'is_refund_ok': True, 'refund_fail_desc': '', 'refund_time': '2026-09-03 14:38:22'}, 'msg': '成功', 'sub_code': 0, 'sub_msg': ''}
[2026-09-03 14:38:22] [INFO] [✅] 订单 7359087690 退款成功！
[2026-09-03 14:38:22] [INFO] ============================================================
[2026-09-04 10:19:46] [INFO] ============================================================
[2026-09-04 10:19:46] [INFO] 开始执行接口退款，订单号: 7359087334, 订单编号: 2693DPES4MWX4ER
[2026-09-04 10:19:46] [INFO] 退款金额: 100000 分, 退款原因: 测试, 工单ID: 2
[2026-09-04 10:19:46] [INFO] 请求接口: http://cashier.tx-test6.jryghq.cn/pay/v1/applyTradeRefund
[2026-09-04 10:19:46] [INFO] 请求参数: {"order_id": 7359087334, "order_no": "2693DPES4MWX4ER", "refund_amount": 100000, "refund_reason": "测试", "work_id": 2}
[2026-09-04 10:19:47] [INFO] HTTP 状态码: 200
[2026-09-04 10:19:47] [INFO] 响应内容: {'code': 10000, 'data': {'out_request_no': '4500000337202609022666613180', 'is_refund_ok': True, 'refund_fail_desc': '', 'refund_time': '2026-09-04 10:19:47'}, 'msg': '成功', 'sub_code': 0, 'sub_msg': ''}
[2026-09-04 10:19:47] [INFO] [✅] 订单 7359087334 退款成功！
[2026-09-04 10:19:47] [INFO] ============================================================
[2026-09-04 17:36:36] [INFO] ============================================================
[2026-09-04 17:36:36] [INFO] 开始执行接口退款，订单号: 7359089825, 订单编号: 2693DPEU1TWX4ER
[2026-09-04 17:36:36] [INFO] 退款金额: 380 分, 退款原因: 测试, 工单ID: 162603799
[2026-09-04 17:36:36] [INFO] 请求接口: http://cashier.tx-test6.jryghq.cn/pay/v1/applyTradeRefund
[2026-09-04 17:36:36] [INFO] 请求参数: {"order_id": 7359089825, "order_no": "2693DPEU1TWX4ER", "refund_amount": 380, "refund_reason": "测试", "work_id": 162603799}
[2026-09-04 17:36:37] [INFO] HTTP 状态码: 200
[2026-09-04 17:36:37] [INFO] 响应内容: {'code': 10009, 'msg': '系统异常', 'sub_code': 72011, 'sub_msg': '未真实支付不可以退款'}
[2026-09-04 17:36:37] [ERROR] [❌] 订单 7359089825 退款失败，返回码: 10009, 消息: 系统异常
[2026-09-04 17:36:37] [INFO] ============================================================
[2026-09-04 17:40:18] [INFO] ============================================================
[2026-09-04 17:40:18] [INFO] 开始执行接口退款，订单号: 7359087690, 订单编号: 2693DPESEIWX4ER
[2026-09-04 17:40:18] [INFO] 退款金额: 380 分, 退款原因: 测试, 工单ID: 2
[2026-09-04 17:40:18] [INFO] 请求接口: http://cashier.tx-test6.jryghq.cn/pay/v1/applyTradeRefund
[2026-09-04 17:40:18] [INFO] 请求参数: {"order_id": 7359087690, "order_no": "2693DPESEIWX4ER", "refund_amount": 380, "refund_reason": "测试", "work_id": 2}
[2026-09-04 17:40:18] [INFO] HTTP 状态码: 200
[2026-09-04 17:40:18] [INFO] 响应内容: {'code': 10000, 'data': {'out_request_no': '26090219574046777916167905', 'is_refund_ok': True, 'refund_fail_desc': '', 'refund_time': ''}, 'msg': '成功', 'sub_code': 0, 'sub_msg': ''}
[2026-09-04 17:40:18] [INFO] [✅] 订单 7359087690 退款成功！
[2026-09-04 17:40:18] [INFO] ============================================================
[2026-09-04 18:12:11] [INFO] ============================================================
[2026-09-04 18:12:11] [INFO] 开始执行接口退款，订单号: 7359089847, 订单编号: 2693DPEU2FWX4ER
[2026-09-04 18:12:11] [INFO] 退款金额: 30000 分, 退款原因: 测试, 工单ID: 2
[2026-09-04 18:12:11] [INFO] 请求接口: http://cashier.tx-test6.jryghq.cn/pay/v1/applyTradeRefund
[2026-09-04 18:12:11] [INFO] 请求参数: {"order_id": 7359089847, "order_no": "2693DPEU2FWX4ER", "refund_amount": 30000, "refund_reason": "测试", "work_id": 2}
[2026-09-04 18:12:12] [INFO] HTTP 状态码: 200
[2026-09-04 18:12:12] [INFO] 响应内容: {'code': 10000, 'data': {'out_request_no': '4200003143202609044723928603', 'is_refund_ok': True, 'refund_fail_desc': '', 'refund_time': '2026-09-04 18:12:13'}, 'msg': '成功', 'sub_code': 0, 'sub_msg': ''}
[2026-09-04 18:12:12] [INFO] [✅] 订单 7359089847 退款成功！
[2026-09-04 18:12:12] [INFO] ============================================================
