[2026-09-01 15:04:06] [INFO] ======================================================================
[2026-09-01 15:04:06] [INFO] 启动 优惠券与工单自动化调度系统 (RUN_MODE: 3)
[2026-09-01 15:04:06] [INFO] 当前浏览器静默模式 HEADLESS: False
[2026-09-01 15:04:06] [INFO] ======================================================================
[2026-09-01 15:04:06] [INFO] 正在执行大陆优惠券接口发放流程... 手机号: 11000000001 | 数量: 10
[2026-09-01 15:15:43] [INFO] ======================================================================
[2026-09-01 15:15:43] [INFO] 启动 优惠券与工单自动化调度系统 (RUN_MODE: 3)
[2026-09-01 15:15:43] [INFO] 当前浏览器静默模式 HEADLESS: True
[2026-09-01 15:15:43] [INFO] ======================================================================
[2026-09-01 15:15:43] [INFO] 正在执行大陆优惠券接口发放流程... 手机号: 11000000001 | 数量: 10
[2026-09-01 15:17:27] [INFO] ======================================================================
[2026-09-01 15:17:27] [INFO] 启动 优惠券与工单自动化调度系统 (RUN_MODE: 3)
[2026-09-01 15:17:27] [INFO] 当前浏览器静默模式 HEADLESS: True
[2026-09-01 15:17:27] [INFO] ======================================================================
[2026-09-01 15:17:27] [INFO] 正在执行大陆优惠券接口发放流程... 手机号: 11000000001 | 数量: 10
[2026-09-01 16:22:53] [INFO] ======================================================================
[2026-09-01 16:22:53] [INFO] 启动 优惠券与工单自动化调度系统 (RUN_MODE: 1)
[2026-09-01 16:22:53] [INFO] 当前浏览器静默模式 HEADLESS: True
[2026-09-01 16:22:53] [INFO] ======================================================================
[2026-09-01 16:22:53] [INFO] 正在执行工单全自动创建流转程序...
[2026-09-01 16:22:53] [INFO] 待处理的订单号列表 ORDER_IDS: ['7359060558']
[2026-09-01 16:24:00] [INFO] ======================================================================
[2026-09-01 16:24:00] [INFO] 启动 优惠券与工单自动化调度系统 (RUN_MODE: 5)
[2026-09-01 16:24:00] [INFO] 当前浏览器静默模式 HEADLESS: True
[2026-09-01 16:24:00] [INFO] ======================================================================
[2026-09-01 16:24:00] [INFO] 正在执行工单基础受理与填写流程...
[2026-09-01 16:24:46] [INFO] ======================================================================
[2026-09-01 16:24:46] [INFO] 启动 优惠券与工单自动化调度系统 (RUN_MODE: 6)
[2026-09-01 16:24:46] [INFO] 当前浏览器静默模式 HEADLESS: True
[2026-09-01 16:24:46] [INFO] ======================================================================
[2026-09-01 16:24:46] [INFO] 正在执行工单退款结算与最终受理完成流程...
[2026-09-01 16:27:08] [INFO] ======================================================================
[2026-09-01 16:27:08] [INFO] 启动 优惠券与工单自动化调度系统 (RUN_MODE: 1)
[2026-09-01 16:27:08] [INFO] 当前浏览器静默模式 HEADLESS: True
[2026-09-01 16:27:08] [INFO] ======================================================================
[2026-09-01 16:27:08] [INFO] 正在执行工单全自动创建流转程序...
[2026-09-01 16:27:08] [INFO] 待处理的订单号列表 ORDER_IDS: ['7359060558']
[2026-09-01 16:28:17] [INFO] ======================================================================
[2026-09-01 16:28:17] [INFO] 启动 优惠券与工单自动化调度系统 (RUN_MODE: 5)
[2026-09-01 16:28:17] [INFO] 当前浏览器静默模式 HEADLESS: True
[2026-09-01 16:28:17] [INFO] ======================================================================
[2026-09-01 16:28:17] [INFO] 正在执行工单基础受理与填写流程...
[2026-09-01 16:29:21] [INFO] ======================================================================
[2026-09-01 16:29:21] [INFO] 启动 优惠券与工单自动化调度系统 (RUN_MODE: 5)
[2026-09-01 16:29:21] [INFO] 当前浏览器静默模式 HEADLESS: True
[2026-09-01 16:29:21] [INFO] ======================================================================
[2026-09-01 16:29:21] [INFO] 正在执行工单基础受理与填写流程...
[2026-09-01 16:31:56] [INFO] ======================================================================
[2026-09-01 16:31:56] [INFO] 启动 优惠券与工单自动化调度系统 (RUN_MODE: 1)
[2026-09-01 16:31:56] [INFO] 当前浏览器静默模式 HEADLESS: True
[2026-09-01 16:31:56] [INFO] ======================================================================
[2026-09-01 16:31:56] [INFO] 正在执行工单全自动创建流转程序...
[2026-09-01 16:31:56] [INFO] 待处理的订单号列表 ORDER_IDS: ['7359060558']
[2026-09-01 16:33:20] [INFO] ======================================================================
[2026-09-01 16:33:20] [INFO] 启动 优惠券与工单自动化调度系统 (RUN_MODE: 5)
[2026-09-01 16:33:20] [INFO] 当前浏览器静默模式 HEADLESS: True
[2026-09-01 16:33:20] [INFO] ======================================================================
[2026-09-01 16:33:20] [INFO] 正在执行工单基础受理与填写流程...
[2026-09-01 16:35:06] [INFO] ======================================================================
[2026-09-01 16:35:06] [INFO] 启动 优惠券与工单自动化调度系统 (RUN_MODE: 5)
[2026-09-01 16:35:06] [INFO] 当前浏览器静默模式 HEADLESS: True
[2026-09-01 16:35:06] [INFO] ======================================================================
[2026-09-01 16:35:06] [INFO] 正在执行工单基础受理与填写流程...
[2026-09-01 16:36:36] [INFO] ======================================================================
[2026-09-01 16:36:36] [INFO] 启动 优惠券与工单自动化调度系统 (RUN_MODE: 5)
[2026-09-01 16:36:36] [INFO] 当前浏览器静默模式 HEADLESS: True
[2026-09-01 16:36:36] [INFO] ======================================================================
[2026-09-01 16:36:36] [INFO] 正在执行工单基础受理与填写流程...
[2026-09-01 16:38:26] [INFO] ======================================================================
[2026-09-01 16:38:26] [INFO] 启动 优惠券与工单自动化调度系统 (RUN_MODE: 1)
[2026-09-01 16:38:26] [INFO] 当前浏览器静默模式 HEADLESS: True
[2026-09-01 16:38:26] [INFO] ======================================================================
[2026-09-01 16:38:26] [INFO] 正在执行工单全自动创建流转程序...
[2026-09-01 16:38:26] [INFO] 待处理的订单号列表 ORDER_IDS: ['7359060558']
[2026-09-01 16:40:05] [INFO] ======================================================================
[2026-09-01 16:40:05] [INFO] 启动 优惠券与工单自动化调度系统 (RUN_MODE: 1)
[2026-09-01 16:40:05] [INFO] 当前浏览器静默模式 HEADLESS: True
[2026-09-01 16:40:05] [INFO] ======================================================================
[2026-09-01 16:40:05] [INFO] 正在执行工单全自动创建流转程序...
[2026-09-01 16:40:05] [INFO] 待处理的订单号列表 ORDER_IDS: ['7359060558']
[2026-09-01 16:44:15] [INFO] ======================================================================
[2026-09-01 16:44:15] [INFO] 启动 优惠券与工单自动化调度系统 (RUN_MODE: 1)
[2026-09-01 16:44:15] [INFO] 当前浏览器静默模式 HEADLESS: True
[2026-09-01 16:44:15] [INFO] ======================================================================
[2026-09-01 16:44:15] [INFO] 正在执行工单全自动创建流转程序...
[2026-09-01 16:44:15] [INFO] 待处理的订单号列表 ORDER_IDS: ['7359060558']
