[2026-09-01 15:04:06] [INFO] 启动浏览器以获取系统登录鉴权 Token (静默无头模式)...
[2026-09-01 15:05:07] [INFO] 启动浏览器以获取系统登录鉴权 Token (静默无头模式)...
[2026-09-01 15:05:08] [INFO] 正在导航至登录页面: https://dcms-test6-tx.jryghq.com/#/admin/v1/coupon_manage
[2026-09-01 15:05:08] [WARNING] 导航重试 (1/3) 失败: Page.goto: net::ERR_CONNECTION_RESET at https://dcms-test6-tx.jryghq.com/#/admin/v1/coupon_manage
Call log:
  - navigating to "https://dcms-test6-tx.jryghq.com/#/admin/v1/coupon_manage", waiting until "domcontentloaded"

[2026-09-01 15:05:14] [INFO] 正在输入自动登录凭证...
[2026-09-01 15:05:15] [INFO] 正在提交登录...
[2026-09-01 15:05:15] [INFO] 正在等待后台跳转并截获 API Authorization Token...
[2026-09-01 15:05:16] [INFO] 成功截获 Authorization Token！
[2026-09-01 15:05:16] [INFO] 正在准备通过大陆发券接口发放优惠券...
[2026-09-01 15:05:16] [INFO] 接口: https://dcms-test6-tx.jryghq.com/admin/v1/coupon/send_coupon | 手机: 11000000001 | 批次: 34303 | 数量: 10
[2026-09-01 15:05:16] [INFO] 响应状态码: 200
[2026-09-01 15:05:16] [INFO] [🎉 SUCCESS] 大陆优惠券接口发放指令提交成功！系统提示: 正在发放，稍后在发放记录里查看发放状态
[2026-09-01 15:15:43] [INFO] 启动浏览器以获取系统登录鉴权 Token (静默无头模式)...
[2026-09-01 15:15:43] [INFO] 正在导航至登录页面: https://dcms-test6-tx.jryghq.com/#/admin/v1/coupon_manage
[2026-09-01 15:15:54] [INFO] 正在输入自动登录凭证...
[2026-09-01 15:15:55] [INFO] 正在提交登录...
[2026-09-01 15:15:55] [INFO] 正在等待后台跳转并截获 API Authorization Token...
[2026-09-01 15:15:56] [INFO] 成功截获 Authorization Token！
[2026-09-01 15:15:57] [INFO] 正在准备通过大陆发券接口发放优惠券...
[2026-09-01 15:15:57] [INFO] 接口: https://dcms-test6-tx.jryghq.com/admin/v1/coupon/send_coupon | 手机: 11000000001 | 批次: 34303 | 数量: 10
[2026-09-01 15:15:57] [INFO] 响应状态码: 200
[2026-09-01 15:15:57] [INFO] [🎉 SUCCESS] 大陆优惠券接口发放指令提交成功！系统提示: 正在发放，稍后在发放记录里查看发放状态
[2026-09-01 15:17:27] [INFO] 启动浏览器以获取系统登录鉴权 Token (静默无头模式)...
[2026-09-01 15:17:27] [INFO] 正在导航至登录页面: https://dcms-test6-tx.jryghq.com/#/admin/v1/coupon_manage
[2026-09-01 15:17:33] [INFO] 正在输入自动登录凭证...
[2026-09-01 15:17:34] [INFO] 正在提交登录...
[2026-09-01 15:17:34] [INFO] 正在等待后台跳转并截获 API Authorization Token...
[2026-09-01 15:17:35] [INFO] 成功截获 Authorization Token！
[2026-09-01 15:17:36] [INFO] 正在准备通过大陆发券接口发放优惠券...
[2026-09-01 15:17:36] [INFO] 接口: https://dcms-test6-tx.jryghq.com/admin/v1/coupon/send_coupon | 手机: 11000000001 | 批次: 34303 | 数量: 10
[2026-09-01 15:17:36] [INFO] 响应状态码: 200
[2026-09-01 15:17:36] [INFO] [🎉 SUCCESS] 大陆优惠券接口发放指令提交成功！系统提示: 正在发放，稍后在发放记录里查看发放状态
[2026-09-03 14:28:15] [INFO] 启动浏览器以获取系统登录鉴权 Token (静默无头模式)...
[2026-09-03 14:28:16] [INFO] 正在导航至登录页面: https://dcms-test6-tx.jryghq.com/#/admin/v1/coupon_manage
[2026-09-03 14:28:20] [INFO] 正在输入自动登录凭证...
[2026-09-03 14:28:21] [INFO] 正在提交登录...
[2026-09-03 14:28:21] [INFO] 正在等待后台跳转并截获 API Authorization Token...
[2026-09-03 14:28:22] [INFO] 成功截获 Authorization Token！
[2026-09-03 14:28:22] [INFO] 正在准备通过大陆发券接口发放优惠券...
[2026-09-03 14:28:22] [INFO] 接口: https://dcms-test6-tx.jryghq.com/admin/v1/coupon/send_coupon | 手机: 11000006910 | 批次: 34303 | 数量: 20
[2026-09-03 14:28:23] [INFO] 响应状态码: 200
[2026-09-03 14:28:23] [INFO] [🎉 SUCCESS] 大陆优惠券接口发放指令提交成功！系统提示: 正在发放，稍后在发放记录里查看发放状态
[2026-09-03 15:25:39] [INFO] 启动浏览器以获取系统登录鉴权 Token (静默无头模式)...
[2026-09-03 15:25:40] [INFO] 正在导航至登录页面: https://dcms-test6-tx.jryghq.com/#/admin/v1/coupon_manage
[2026-09-03 15:25:46] [INFO] 正在输入自动登录凭证...
[2026-09-03 15:25:47] [INFO] 正在提交登录...
[2026-09-03 15:25:47] [INFO] 正在等待后台跳转并截获 API Authorization Token...
[2026-09-03 15:25:50] [INFO] 成功截获 Authorization Token！
[2026-09-03 15:25:51] [INFO] 正在准备通过大陆发券接口发放优惠券...
[2026-09-03 15:25:51] [INFO] 接口: https://dcms-test6-tx.jryghq.com/admin/v1/coupon/send_coupon | 手机: 18618251727 | 批次: 34303 | 数量: 20
[2026-09-03 15:25:51] [INFO] 响应状态码: 200
[2026-09-03 15:25:51] [INFO] [🎉 SUCCESS] 大陆优惠券接口发放指令提交成功！系统提示: 正在发放，稍后在发放记录里查看发放状态
[2026-09-03 16:08:31] [INFO] 启动浏览器以获取系统登录鉴权 Token (静默无头模式)...
[2026-09-03 16:08:32] [INFO] 正在导航至登录页面: https://dcms-test6-tx.jryghq.com/#/admin/v1/coupon_manage
[2026-09-03 16:08:38] [INFO] 正在输入自动登录凭证...
[2026-09-03 16:08:39] [INFO] 正在提交登录...
[2026-09-03 16:08:39] [INFO] 正在等待后台跳转并截获 API Authorization Token...
[2026-09-03 16:08:41] [INFO] 成功截获 Authorization Token！
[2026-09-03 16:08:41] [INFO] 正在准备通过大陆发券接口发放优惠券...
[2026-09-03 16:08:41] [INFO] 接口: https://dcms-test6-tx.jryghq.com/admin/v1/coupon/send_coupon | 手机: 18618251727 | 批次: 34303 | 数量: 20
[2026-09-03 16:08:41] [INFO] 响应状态码: 200
[2026-09-03 16:08:41] [INFO] [🎉 SUCCESS] 大陆优惠券接口发放指令提交成功！系统提示: 正在发放，稍后在发放记录里查看发放状态
[2026-09-04 14:18:52] [INFO] 启动浏览器以获取系统登录鉴权 Token (静默无头模式)...
[2026-09-04 14:18:53] [INFO] 正在导航至登录页面: https://dcms-test6-tx.jryghq.com/#/admin/v1/coupon_manage
[2026-09-04 14:18:59] [INFO] 正在输入自动登录凭证...
[2026-09-04 14:19:00] [INFO] 正在提交登录...
[2026-09-04 14:19:00] [INFO] 正在等待后台跳转并截获 API Authorization Token...
[2026-09-04 14:19:01] [INFO] 成功截获 Authorization Token！
[2026-09-04 14:19:01] [INFO] 正在准备通过大陆发券接口发放优惠券...
[2026-09-04 14:19:01] [INFO] 接口: https://dcms-test6-tx.jryghq.com/admin/v1/coupon/send_coupon | 手机: 18618251727 | 批次: 34303 | 数量: 20
[2026-09-04 14:19:01] [INFO] 响应状态码: 200
[2026-09-04 14:19:01] [INFO] [🎉 SUCCESS] 大陆优惠券接口发放指令提交成功！系统提示: 正在发放，稍后在发放记录里查看发放状态
[2026-09-04 14:20:04] [INFO] 启动浏览器以获取系统登录鉴权 Token (静默无头模式)...
[2026-09-04 14:20:05] [INFO] 正在导航至登录页面: https://dcms-test6-tx.jryghq.com/#/admin/v1/coupon_manage
[2026-09-04 14:20:12] [INFO] 正在输入自动登录凭证...
[2026-09-04 14:20:14] [INFO] 正在提交登录...
[2026-09-04 14:20:14] [INFO] 正在等待后台跳转并截获 API Authorization Token...
[2026-09-04 14:20:19] [INFO] 成功截获 Authorization Token！
[2026-09-04 14:20:19] [INFO] 正在准备通过大陆发券接口发放优惠券...
[2026-09-04 14:20:19] [INFO] 接口: https://dcms-test6-tx.jryghq.com/admin/v1/coupon/send_coupon | 手机: 15600399856 | 批次: 34303 | 数量: 20
[2026-09-04 14:20:19] [INFO] 响应状态码: 200
[2026-09-04 14:20:19] [INFO] [🎉 SUCCESS] 大陆优惠券接口发放指令提交成功！系统提示: 正在发放，稍后在发放记录里查看发放状态
[2026-09-04 14:51:11] [INFO] 启动浏览器以获取系统登录鉴权 Token (静默无头模式)...
[2026-09-04 14:51:12] [INFO] 正在导航至登录页面: https://dcms-test6-tx.jryghq.com/#/admin/v1/coupon_manage
[2026-09-04 14:51:16] [INFO] 正在输入自动登录凭证...
[2026-09-04 14:51:17] [INFO] 正在提交登录...
[2026-09-04 14:51:18] [INFO] 正在等待后台跳转并截获 API Authorization Token...
[2026-09-04 14:51:19] [INFO] 成功截获 Authorization Token！
[2026-09-04 14:51:19] [INFO] 正在准备通过大陆发券接口发放优惠券...
[2026-09-04 14:51:19] [INFO] 接口: https://dcms-test6-tx.jryghq.com/admin/v1/coupon/send_coupon | 手机: 13521098140 | 批次: 34303 | 数量: 20
[2026-09-04 14:51:19] [INFO] 响应状态码: 200
[2026-09-04 14:51:19] [INFO] [🎉 SUCCESS] 大陆优惠券接口发放指令提交成功！系统提示: 正在发放，稍后在发放记录里查看发放状态
