[2026-09-01 16:23:05] [INFO] 🚀 开始订单 7359060558 的工单创建流程...
[2026-09-01 16:23:05] [INFO] 正在直接导航进入目标订单详情页面: https://dcms-test6-tx.jryghq.com/#/order_detail/7359060558?order_no=7359060558&meta_id=113491&order_type=5
[2026-09-01 16:23:14] [INFO] 已切换至详情页底部“工单”页签。
[2026-09-01 16:23:18] [INFO] 新建工单表单页面加载成功。
[2026-09-01 16:23:22] [INFO] 四级标题连击执行反馈: Failed at last step
[2026-09-01 16:23:31] [INFO] 订单号 7359060558 工单创建保存成功。
[2026-09-01 16:23:31] [INFO] 所有工单创建逻辑执行完毕，正在正常关闭浏览器...
[2026-09-01 16:24:12] [INFO] 正在直接导航进入工单列表页面: https://dcms-test6-tx.jryghq.com/#/WorkOrderList_new
[2026-09-01 16:24:15] [INFO] 成功导航至工单列表页面。
[2026-09-01 16:24:15] [INFO] 正在探测列表最新行并点击“受理/处理”进入受理信息录入页面...
[2026-09-01 16:24:18] [INFO] 成功捕捉到最新工单: 162603714 | 	 | 一般 | 	 | 投诉 | 	 | 我司 | 	 | 二线工单 | 	 | 7358949767 | 	 | 即时订单 | 	 | 小拉出行-即时 | 	 | 乘客 | 	 | 投诉-订单问题-其他问题-其他问题 | 	 | 邮件 | 	 | 	 | 不下线 | 	 | 	 | 处理中 | 	 | 童永琦 | 	 | 2026-09-01 15:52:17 | 	 | 	 | 童永琦 | 	 | 	 | 北京 | 	 | 720c0798-8331-43de-b622-e8d9adb4bbb2 | 	
[2026-09-01 16:24:22] [INFO] 开始录入工单处理基本信息 (投诉结果、责任方、备注描述)...
[2026-09-01 16:24:29] [INFO] 工单处理基本信息录入完毕，截图已保存至 output/work_order_handled_form.png。
[2026-09-01 16:24:58] [INFO] 正在直接导航进入工单列表页面: https://dcms-test6-tx.jryghq.com/#/WorkOrderList_new
[2026-09-01 16:25:01] [INFO] 成功导航至工单列表页面。
[2026-09-01 16:25:01] [INFO] 正在探测列表最新行并点击“处理/受理”进入详情页...
[2026-09-01 16:25:04] [INFO] 成功捕捉到目标处理工单: 162603714 | 	 | 一般 | 	 | 投诉 | 	 | 我司 | 	 | 二线工单 | 	 | 7358949767 | 	 | 即时订单 | 	 | 小拉出行-即时 | 	 | 乘客 | 	 | 投诉-订单问题-其他问题-其他问题 | 	 | 邮件 | 	 | 	 | 不下线 | 	 | 	 | 处理中 | 	 | 童永琦 | 	 | 2026-09-01 15:52:17 | 	 | 	 | 童永琦 | 	 | 	 | 北京 | 	 | 720c0798-8331-43de-b622-e8d9adb4bbb2 | 	
[2026-09-01 16:25:08] [INFO] 开始执行退款结算配置与受理完成提交流程...
[2026-09-01 16:26:08] [ERROR] 处理退款结算及受理完成提交流程失败: Locator.click: Timeout 60000ms exceeded.
Call log:
  - waiting for locator("button:has-text('退款&结算'), .el-button:has-text('退款&结算')").first

[2026-09-01 16:26:08] [INFO] 工单结算与最终受理完成流程全部顺利完毕！
[2026-09-01 16:27:19] [INFO] 🚀 开始订单 7359060558 的工单创建流程...
[2026-09-01 16:27:19] [INFO] 正在直接导航进入目标订单详情页面: https://dcms-test6-tx.jryghq.com/#/order_detail/7359060558?order_no=7359060558&meta_id=113491&order_type=5
[2026-09-01 16:27:28] [INFO] 已切换至详情页底部“工单”页签。
[2026-09-01 16:27:32] [INFO] 新建工单表单页面加载成功。
[2026-09-01 16:27:36] [INFO] 四级标题连击执行反馈: Failed at last step
[2026-09-01 16:27:45] [INFO] 订单号 7359060558 工单创建保存成功。
[2026-09-01 16:27:45] [INFO] 所有工单创建逻辑执行完毕，正在正常关闭浏览器...
[2026-09-01 16:28:28] [INFO] 正在直接导航进入工单列表页面: https://dcms-test6-tx.jryghq.com/#/WorkOrderList_new
[2026-09-01 16:28:31] [INFO] 成功导航至工单列表页面。
[2026-09-01 16:28:31] [INFO] 正在探测列表最新行并点击“受理/处理”进入受理信息录入页面...
[2026-09-01 16:28:35] [INFO] 成功捕捉到最新工单: 162603714 | 	 | 一般 | 	 | 投诉 | 	 | 我司 | 	 | 二线工单 | 	 | 7358949767 | 	 | 即时订单 | 	 | 小拉出行-即时 | 	 | 乘客 | 	 | 投诉-订单问题-其他问题-其他问题 | 	 | 邮件 | 	 | 	 | 不下线 | 	 | 	 | 处理中 | 	 | 童永琦 | 	 | 2026-09-01 15:52:17 | 	 | 	 | 童永琦 | 	 | 	 | 北京 | 	 | 720c0798-8331-43de-b622-e8d9adb4bbb2 | 	
[2026-09-01 16:28:39] [INFO] 开始录入工单处理基本信息 (投诉结果、责任方、备注描述)...
[2026-09-01 16:28:46] [INFO] 工单处理基本信息录入完毕，截图已保存至 output/work_order_handled_form.png。
[2026-09-01 16:29:33] [INFO] 正在直接导航进入工单列表页面: https://dcms-test6-tx.jryghq.com/#/WorkOrderList_new
[2026-09-01 16:29:36] [INFO] 成功导航至工单列表页面。
[2026-09-01 16:29:36] [INFO] 正在探测列表最新行并点击“受理/处理”进入受理信息录入页面...
[2026-09-01 16:29:39] [INFO] 成功捕捉到最新工单: 162603714 | 	 | 一般 | 	 | 投诉 | 	 | 我司 | 	 | 二线工单 | 	 | 7358949767 | 	 | 即时订单 | 	 | 小拉出行-即时 | 	 | 乘客 | 	 | 投诉-订单问题-其他问题-其他问题 | 	 | 邮件 | 	 | 	 | 不下线 | 	 | 	 | 处理中 | 	 | 童永琦 | 	 | 2026-09-01 15:52:17 | 	 | 	 | 童永琦 | 	 | 	 | 北京 | 	 | 720c0798-8331-43de-b622-e8d9adb4bbb2 | 	
[2026-09-01 16:29:43] [INFO] 开始录入工单处理基本信息 (投诉结果、责任方、备注描述)...
[2026-09-01 16:29:50] [INFO] 工单处理基本信息录入完毕，截图已保存至 output/work_order_handled_form.png。
[2026-09-01 16:32:14] [INFO] 🚀 开始订单 7359060558 的工单创建流程...
[2026-09-01 16:32:14] [INFO] 正在直接导航进入目标订单详情页面: https://dcms-test6-tx.jryghq.com/#/order_detail/7359060558?order_no=7359060558&meta_id=113491&order_type=5
[2026-09-01 16:32:22] [INFO] 已切换至详情页底部“工单”页签。
[2026-09-01 16:32:27] [INFO] 新建工单表单页面加载成功。
[2026-09-01 16:32:33] [INFO] 四级标题连击执行反馈: Failed at last step
[2026-09-01 16:32:42] [INFO] 订单号 7359060558 工单创建保存成功。
[2026-09-01 16:32:42] [INFO] 所有工单创建逻辑执行完毕，正在正常关闭浏览器...
[2026-09-01 16:33:33] [INFO] 正在直接导航进入工单列表页面: https://dcms-test6-tx.jryghq.com/#/WorkOrderList_new
[2026-09-01 16:33:36] [INFO] 成功导航至工单列表页面。
[2026-09-01 16:33:36] [INFO] 正在探测列表最新行并点击“受理/处理”进入受理信息录入页面...
[2026-09-01 16:33:39] [INFO] 成功捕捉到最新工单: 162603714 | 	 | 一般 | 	 | 投诉 | 	 | 我司 | 	 | 二线工单 | 	 | 7358949767 | 	 | 即时订单 | 	 | 小拉出行-即时 | 	 | 乘客 | 	 | 投诉-订单问题-其他问题-其他问题 | 	 | 邮件 | 	 | 	 | 不下线 | 	 | 	 | 处理中 | 	 | 童永琦 | 	 | 2026-09-01 15:52:17 | 	 | 	 | 童永琦 | 	 | 	 | 北京 | 	 | 720c0798-8331-43de-b622-e8d9adb4bbb2 | 	
[2026-09-01 16:33:43] [INFO] 开始录入工单处理基本信息 (投诉结果、责任方、备注描述)...
[2026-09-01 16:33:50] [INFO] 工单处理基本信息录入完毕，截图已保存至 output/work_order_handled_form.png。
[2026-09-01 16:35:20] [INFO] 正在直接导航进入工单列表页面: https://dcms-test6-tx.jryghq.com/#/WorkOrderList_new
[2026-09-01 16:35:23] [INFO] 成功导航至工单列表页面。
[2026-09-01 16:35:23] [INFO] 正在工单列表中寻找并精准匹配包含目标订单号 7359060558 的工单行进行受理...
[2026-09-01 16:35:26] [WARNING] [⚠️] 在当前列表首屏行中未直接匹配到包含订单号 7359060558 的可见行，降级使用首行数据进行受理...
[2026-09-01 16:35:30] [INFO] 开始录入工单处理基本信息 (投诉结果、责任方、备注描述)...
[2026-09-01 16:35:37] [INFO] 工单处理基本信息录入完毕，截图已保存至 output/work_order_handled_form.png。
[2026-09-01 16:36:47] [INFO] 正在直接导航进入工单列表页面: https://dcms-test6-tx.jryghq.com/#/WorkOrderList_new
[2026-09-01 16:36:50] [INFO] 成功导航至工单列表页面。
[2026-09-01 16:36:50] [INFO] 正在工单列表中寻找并精准匹配包含目标订单号 7359060558 的工单行进行受理...
[2026-09-01 16:36:53] [INFO] [*] 已成功切换至列表“全部/全部工单”页签。
[2026-09-01 16:36:55] [INFO] [*] 已点击搜索按钮刷新列表。
[2026-09-01 16:36:58] [WARNING] [⚠️] 在当前筛选后的列表中未匹配到包含订单号 7359060558 的可见行，降级使用首行数据进行受理...
[2026-09-01 16:37:02] [INFO] 开始录入工单处理基本信息 (投诉结果、责任方、备注描述)...
[2026-09-01 16:37:09] [INFO] 工单处理基本信息录入完毕，截图已保存至 output/work_order_handled_form.png。
[2026-09-01 16:38:37] [INFO] 🚀 开始订单 7359060558 的工单创建流程...
[2026-09-01 16:38:37] [INFO] 正在直接导航进入目标订单详情页面: https://dcms-test6-tx.jryghq.com/#/order_detail/7359060558?order_no=7359060558&meta_id=113491&order_type=5
[2026-09-01 16:38:45] [INFO] 已切换至详情页底部“工单”页签。
[2026-09-01 16:38:49] [INFO] 新建工单表单页面加载成功。
[2026-09-01 16:38:57] [INFO] 四级标题连击执行反馈: Failed at level 1: 投诉
[2026-09-01 16:39:06] [INFO] 订单号 7359060558 工单创建保存成功。
[2026-09-01 16:39:06] [INFO] 所有工单创建逻辑执行完毕，正在正常关闭浏览器...
[2026-09-01 16:40:16] [INFO] 🚀 开始订单 7359060558 的工单创建流程...
[2026-09-01 16:40:16] [INFO] 正在直接导航进入目标订单详情页面: https://dcms-test6-tx.jryghq.com/#/order_detail/7359060558?order_no=7359060558&meta_id=113491&order_type=5
[2026-09-01 16:40:25] [INFO] 已切换至详情页底部“工单”页签。
[2026-09-01 16:40:29] [INFO] 新建工单表单页面加载成功。
[2026-09-01 16:40:30] [INFO] 正在点击工单标题输入框以展开下拉级联选项菜单...
[2026-09-01 16:40:40] [INFO] 四级标题连击执行反馈: Failed at level 1: 投诉
[2026-09-01 16:40:49] [INFO] 订单号 7359060558 工单创建保存成功。
[2026-09-01 16:40:49] [INFO] 所有工单创建逻辑执行完毕，正在正常关闭浏览器...
[2026-09-01 16:40:50] [INFO] 🚀 开始订单 7359060558 的工单创建流程...
[2026-09-01 16:40:50] [INFO] 正在直接导航进入目标订单详情页面: https://dcms-test6-tx.jryghq.com/#/order_detail/7359060558?order_no=7359060558&meta_id=113491&order_type=5
[2026-09-01 16:40:58] [INFO] 已切换至详情页底部“工单”页签。
[2026-09-01 16:41:02] [INFO] 新建工单表单页面加载成功。
[2026-09-01 16:41:03] [INFO] 正在点击工单标题输入框以展开下拉级联选项菜单...
[2026-09-01 16:41:13] [INFO] 四级标题连击执行反馈: Failed at level 1: 投诉
[2026-09-01 16:41:22] [INFO] 订单号 7359060558 工单创建保存成功。
[2026-09-01 16:41:22] [INFO] 所有工单创建逻辑执行完毕，正在正常关闭浏览器...
[2026-09-01 16:44:26] [INFO] 🚀 开始订单 7359060558 的一键直连工单创建流程...
[2026-09-01 16:44:26] [INFO] 正在直接导航进入极速创建工单页面: https://dcms-test6-tx.jryghq.com/#/create-work-order/add?status=add&order_id=0
[2026-09-01 16:44:30] [INFO] 极速创建工单表单页面加载成功。
[2026-09-01 16:44:30] [INFO] 正在输入关联目标订单号: 7359060558...
[2026-09-01 16:44:31] [INFO] 正在选择工单类型为“投诉”...
[2026-09-01 16:44:31] [INFO] 正在展开“工单标题”四级级联选择器并自适应点击...
[2026-09-01 16:44:40] [INFO] 四级标题连击执行反馈: Failed at level 1: 投诉
[2026-09-01 16:44:49] [INFO] 订单号 7359060558 工单创建保存成功。
[2026-09-01 16:44:49] [INFO] 所有工单创建逻辑执行完毕，正在正常关闭浏览器...
